******************************************************************************
                  TI ARM Linker PC v20.2.0                     
******************************************************************************
>> Linked Mon Apr 29 17:26:08 2024

OUTPUT FILE NAME:   <S24_Proj2.out>
ENTRY POINT SYMBOL: "_c_int00_noargs"  address: 00004fd5


MEMORY CONFIGURATION

         name            origin    length      used     unused   attr    fill
----------------------  --------  ---------  --------  --------  ----  --------
  MAIN                  00000000   00040000  00005d7c  0003a284  R  X
  INFO                  00200000   00004000  00000000  00004000  R  X
  SRAM_CODE             01000000   00010000  00000236  0000fdca  RW X
  SRAM_DATA             20000000   00010000  00000236  0000fdca  RW  


SEGMENT ALLOCATION MAP

run origin  load origin   length   init length attrs members
----------  ----------- ---------- ----------- ----- -------
00000000    00000000    00005d80   00005d80    r-x
  00000000    00000000    000000e4   000000e4    r-- .intvecs
  000000e4    000000e4    00005698   00005698    r-x .text
  0000577c    0000577c    000005c0   000005c0    r-- .const
  00005d40    00005d40    00000040   00000040    r-- .cinit
20000000    20000000    00000036   00000000    rw-
  20000000    20000000    0000002c   00000000    rw- .data
  2000002c    2000002c    0000000a   00000000    rw- .bss
2000fe00    2000fe00    00000200   00000000    rw-
  2000fe00    2000fe00    00000200   00000000    rw- .stack


SECTION ALLOCATION MAP

 output                                  attributes/
section   page    origin      length       input sections
--------  ----  ----------  ----------   ----------------
.intvecs   0    00000000    000000e4     
                  00000000    000000e4     startup_msp432p401r_ccs.obj (.intvecs:retain)

.text      0    000000e4    00005698     
                  000000e4    00000a4e     rtsv7M4_T_le_v4SPD16_eabi.lib : _printfi.c.obj (.text:__TI_printfi)
                  00000b32    0000047e     grlib.a : string.obj (.text:Graphics_drawString)
                  00000fb0    00000270     rtsv7M4_T_le_v4SPD16_eabi.lib : _printfi.c.obj (.text:_pconv_a)
                  00001220    00000244     proj2_main.obj (.text:handlePlayerMovement)
                  00001464    0000022a     grlib.a : circle.obj (.text:Graphics_fillCircle)
                  0000168e    00000002     startup_msp432p401r_ccs.obj (.text:Default_Handler)
                  00001690    000001ea     proj2_main.obj (.text:App_proj2_handleInstructionsScreen)
                  0000187a    000001d8     Crystalfontz128x128_ST7735.obj (.text:Crystalfontz128x128_PixelDrawMultiple)
                  00001a52    00000002     rtsv7M4_T_le_v4SPD16_eabi.lib : _lock.c.obj (.text:_nop)
                  00001a54    000001d0                                   : _printfi.c.obj (.text:_pconv_g)
                  00001c24    000001b6                                   : fd_add_t2.asm.obj (.text)
                  00001dda    00000002                                   : div0.asm.obj (.text)
                  00001ddc    000001ac     proj2_main.obj (.text:App_proj2_handleGameScreen)
                  00001f88    0000019c     msp432p4xx_driverlib.lib : cs.o (.text:CS_setDCOFrequency)
                  00002124    00000198     proj2_main.obj (.text:moveObstacles)
                  000022bc    00000160     msp432p4xx_driverlib.lib : adc14.o (.text:_getIndexForMemRegister)
                  0000241c    0000014c     Joystick.obj (.text:Joystick_refresh)
                  00002568    0000013c     rtsv7M4_T_le_v4SPD16_eabi.lib : _printfi.c.obj (.text:_pconv_e)
                  000026a4    00000136                                   : fd_div_t2.asm.obj (.text)
                  000027da    00000002     --HOLE-- [fill = 0]
                  000027dc    00000134     Crystalfontz128x128_ST7735.obj (.text:Crystalfontz128x128_SetDrawFrame)
                  00002910    00000130     msp432p4xx_driverlib.lib : cs.o (.text:CS_initClockSignal)
                  00002a40    0000012c     Crystalfontz128x128_ST7735.obj (.text:Crystalfontz128x128_Init)
                  00002b6c    00000124     rtsv7M4_T_le_v4SPD16_eabi.lib : _printfi.c.obj (.text:fcvt)
                  00002c90    0000011e     proj2_main.obj (.text:App_proj2_handleScoresScreen)
                  00002dae    00000112     grlib.a : rectangle.obj (.text:Graphics_fillRectangle)
                  00002ec0    00000110     rtsv7M4_T_le_v4SPD16_eabi.lib : s_scalbn.c.obj (.text:scalbn)
                  00002fd0    0000010a     proj2_main.obj (.text:App_proj2_showMenuScreen)
                  000030da    00000002     --HOLE-- [fill = 0]
                  000030dc    00000108     proj2_main.obj (.text:App_proj2_handleResultScreen)
                  000031e4    000000fc     rtsv7M4_T_le_v4SPD16_eabi.lib : fd_mul_t2.asm.obj (.text)
                  000032e0    000000e6     Button.obj (.text:Button_refresh)
                  000033c6    000000e6     proj2_main.obj (.text:spawnObstacle)
                  000034ac    000000da     proj2_main.obj (.text:App_proj2_loop)
                  00003586    00000002     --HOLE-- [fill = 0]
                  00003588    000000c4     proj2_main.obj (.text:App_proj2_construct)
                  0000364c    000000b4     msp432p4xx_driverlib.lib : adc14.o (.text:ADC14_configureConversionMemory)
                  00003700    000000b4                              : adc14.o (.text:ADC14_configureMultiSequenceMode)
                  000037b4    000000b1     rtsv7M4_T_le_v4SPD16_eabi.lib : _printfi.c.obj (.text:_ltostr)
                  00003865    00000001     --HOLE-- [fill = 0]
                  00003866    000000b0     msp432p4xx_driverlib.lib : spi.o (.text:SPI_initMaster)
                  00003916    0000009e     HAL.obj (.text:HAL_construct)
                  000039b4    0000009c     Crystalfontz128x128_ST7735.obj (.text:Crystalfontz128x128_RectFill)
                  00003a50    0000009c     grlib.a : line.obj (.text:Graphics_drawLineH)
                  00003aec    0000009c     rtsv7M4_T_le_v4SPD16_eabi.lib : memcpy_t2.asm.obj (.text)
                  00003b88    00000096                                   : ull_div_t2.asm.obj (.text)
                  00003c1e    00000002     --HOLE-- [fill = 0]
                  00003c20    00000094     msp432p4xx_driverlib.lib : sysctl_a.o (.text:SysCtl_A_getTLVInfo)
                  00003cb4    00000094     proj2_main.obj (.text:isCollision)
                  00003d48    0000008e     proj2_main.obj (.text:drawObstacles)
                  00003dd6    00000002     --HOLE-- [fill = 0]
                  00003dd8    00000089     proj2_main.obj (.text:App_proj2_showSplashScreen)
                  00003e61    00000003     --HOLE-- [fill = 0]
                  00003e64    00000088     msp432p4xx_driverlib.lib : cs.o (.text:CS_tuneDCOFrequency)
                  00003eec    00000088                              : gpio.o (.text:GPIO_setAsPeripheralModuleFunctionInputPin)
                  00003f74    00000088                              : gpio.o (.text:GPIO_setAsPeripheralModuleFunctionOutputPin)
                  00003ffc    00000086     rtsv7M4_T_le_v4SPD16_eabi.lib : fd_cmp_t2.asm.obj (.text:__aeabi_cdcmple)
                  00004082    00000086                                   : fd_cmp_t2.asm.obj (.text:__aeabi_cdrcmple)
                  00004108    00000086     proj2_main.obj (.text:updateHighScores)
                  0000418e    00000002     --HOLE-- [fill = 0]
                  00004190    00000080     msp432p4xx_driverlib.lib : interrupt.o (.text:Interrupt_enableInterrupt)
                  00004210    0000007a     rtsv7M4_T_le_v4SPD16_eabi.lib : memset_t2.asm.obj (.text)
                  0000428a    00000002     --HOLE-- [fill = 0]
                  0000428c    00000078     Timer.obj (.text:InitSystemTiming)
                  00004304    00000078     system_msp432p401r.obj (.text:SystemInit)
                  0000437c    0000006e     rtsv7M4_T_le_v4SPD16_eabi.lib : _printfi.c.obj (.text:_mcpy)
                  000043ea    00000002     --HOLE-- [fill = 0]
                  000043ec    00000068     msp432p4xx_driverlib.lib : timer32.o (.text:Timer32_initModule)
                  00004454    00000068     rtsv7M4_T_le_v4SPD16_eabi.lib : copy_decompress_lzss.c.obj (.text:decompress:lzss:__TI_decompress_lzss)
                  000044bc    00000064                                   : s_frexp.c.obj (.text:frexp)
                  00004520    00000060     Crystalfontz128x128_ST7735.obj (.text:Crystalfontz128x128_LineDrawH)
                  00004580    00000060     Crystalfontz128x128_ST7735.obj (.text:Crystalfontz128x128_LineDrawV)
                  000045e0    0000005c     Button.obj (.text:Button_construct)
                  0000463c    0000005c     Graphics.obj (.text:GFX_construct)
                  00004698    0000005a     Graphics.obj (.text:GFX_removeObstacle)
                  000046f2    00000002     --HOLE-- [fill = 0]
                  000046f4    00000058     msp432p4xx_driverlib.lib : gpio.o (.text:GPIO_setAsInputPinWithPullUpResistor)
                  0000474c    00000058     Timer.obj (.text:SWTimer_elapsedCycles)
                  000047a4    00000056     rtsv7M4_T_le_v4SPD16_eabi.lib : _printfi.c.obj (.text:_pconv_f)
                  000047fa    00000002     --HOLE-- [fill = 0]
                  000047fc    00000054     msp432p4xx_driverlib.lib : adc14.o (.text:ADC14_initModule)
                  00004850    00000054     Crystalfontz128x128_ST7735.obj (.text:Crystalfontz128x128_SetOrientation)
                  000048a4    00000054     Timer.obj (.text:SWTimer_construct)
                  000048f8    00000054     rtsv7M4_T_le_v4SPD16_eabi.lib : _ltoa.c.obj (.text:__TI_ltoa)
                  0000494c    00000052     grlib.a : context.obj (.text:Graphics_initContext)
                  0000499e    00000052     rtsv7M4_T_le_v4SPD16_eabi.lib : _printfi.c.obj (.text:_ecpy)
                  000049f0    0000004c                                   : atoi.c.obj (.text:atoi)
                  00004a3c    0000004a     proj2_main.obj (.text:App_proj2_getCursorPoint)
                  00004a86    0000004a     LED.obj (.text:LED_construct)
                  00004ad0    00000048     msp432p4xx_driverlib.lib : flash.o (.text:FlashCtl_setWaitState)
                  00004b18    00000048     rtsv7M4_T_le_v4SPD16_eabi.lib : fd_toi_t2.asm.obj (.text)
                  00004b60    00000044     Graphics.obj (.text:GFX_print)
                  00004ba4    00000044     rtsv7M4_T_le_v4SPD16_eabi.lib : autoinit.c.obj (.text:__TI_auto_init_nobinit_nopinit:__TI_auto_init_nobinit_nopinit)
                  00004be8    00000044     proj2_main.obj (.text:drawLanes)
                  00004c2c    00000040     Crystalfontz128x128_ST7735.obj (.text:Crystalfontz128x128_PixelDraw)
                  00004c6c    00000040     msp432p4xx_driverlib.lib : gpio.o (.text:GPIO_setAsOutputPin)
                  00004cac    00000040     grlib.a : string.obj (.text:Graphics_getNumberOfLeadingZeros)
                  00004cec    00000040     HAL_MSP_EXP432P401R_Crystalfontz128x128_ST7735.obj (.text:HAL_LCD_SpiInit)
                  00004d2c    00000040     msp432p4xx_driverlib.lib : spi.o (.text:is_A_Module)
                  00004d6c    00000040     rtsv7M4_T_le_v4SPD16_eabi.lib : sprintf.c.obj (.text:sprintf)
                  00004dac    0000003e                                   : _printfi.c.obj (.text:_fcpy)
                  00004dea    00000038     Graphics.obj (.text:GFX_drawLane)
                  00004e22    00000002     --HOLE-- [fill = 0]
                  00004e24    00000038     HAL_MSP_EXP432P401R_Crystalfontz128x128_ST7735.obj (.text:HAL_LCD_writeCommand)
                  00004e5c    00000038     msp432p4xx_driverlib.lib : timer32.o (.text:Timer32_startTimer)
                  00004e94    00000036     Graphics.obj (.text:GFX_removeSolidCircle)
                  00004eca    00000036     grlib.a : display.obj (.text:Graphics_drawHorizontalLineOnDisplay)
                  00004f00    00000036     HAL.obj (.text:HAL_refresh)
                  00004f36    00000002     --HOLE-- [fill = 0]
                  00004f38    00000034     msp432p4xx_driverlib.lib : adc14.o (.text:ADC14_enableSampleTimer)
                  00004f6c    00000034                              : cs.o (.text:CS_setDCOCenteredFrequency)
                  00004fa0    00000034                              : timer32.o (.text:Timer32_setCount)
                  00004fd4    00000034     rtsv7M4_T_le_v4SPD16_eabi.lib : boot_cortex_m.c.obj (.text:_c_int00_noargs:_c_int00_noargs)
                  00005008    00000034                                   : rand.c.obj (.text:rand)
                  0000503c    00000030     msp432p4xx_driverlib.lib : gpio.o (.text:GPIO_getInputPinValue)
                  0000506c    00000030     HAL_MSP_EXP432P401R_Crystalfontz128x128_ST7735.obj (.text:HAL_LCD_PortInit)
                  0000509c    00000030     Joystick.obj (.text:initJoyStick)
                  000050cc    00000030     proj2_main.obj (.text:main)
                  000050fc    0000002e     rtsv7M4_T_le_v4SPD16_eabi.lib : i_tofd_t2.asm.obj (.text)
                  0000512a    00000002     --HOLE-- [fill = 0]
                  0000512c    0000002c     msp432p4xx_driverlib.lib : adc14.o (.text:ADC14_toggleConversionTrigger)
                  00005158    0000002c     proj2_main.obj (.text:App_proj2_handleTitleScreen)
                  00005184    0000002c     Crystalfontz128x128_ST7735.obj (.text:Crystalfontz128x128_ClearScreen)
                  000051b0    0000002c     grlib.a : display.obj (.text:Graphics_drawPixelOnDisplay)
                  000051dc    0000002c     HAL_MSP_EXP432P401R_Crystalfontz128x128_ST7735.obj (.text:HAL_LCD_writeData)
                  00005208    0000002a     Graphics.obj (.text:GFX_resetColors)
                  00005232    0000002a     Timer.obj (.text:SWTimer_expired)
                  0000525c    00000028     msp432p4xx_driverlib.lib : adc14.o (.text:ADC14_enableConversion)
                  00005284    00000028                              : adc14.o (.text:ADC14_getResult)
                  000052ac    00000028     Crystalfontz128x128_ST7735.obj (.text:Crystalfontz128x128_ColorTranslate)
                  000052d4    00000028     msp432p4xx_driverlib.lib : gpio.o (.text:GPIO_setOutputHighOnPin)
                  000052fc    00000028                              : gpio.o (.text:GPIO_setOutputLowOnPin)
                  00005324    00000028     LED.obj (.text:LED_turnOff)
                  0000534c    00000028     LED.obj (.text:LED_turnOn)
                  00005374    00000028     Timer.obj (.text:T32_INT1_IRQHandler)
                  0000539c    00000026     Joystick.obj (.text:initADC)
                  000053c2    00000002     --HOLE-- [fill = 0]
                  000053c4    00000024     Timer.obj (.text:SWTimer_start)
                  000053e8    00000024     msp432p4xx_driverlib.lib : wdt_a.o (.text:WDT_A_holdTimer)
                  0000540c    00000020     Joystick.obj (.text:Joystick_isPressedtoLeft)
                  0000542c    00000020     Joystick.obj (.text:Joystick_isPressedtoRight)
                  0000544c    0000001e     Graphics.obj (.text:GFX_drawSolidCircle)
                  0000546a    0000001e     grlib.a : display.obj (.text:Graphics_fillRectangleOnDisplay)
                  00005488    0000001c     Joystick.obj (.text:Joystick_construct)
                  000054a4    0000001c     msp432p4xx_driverlib.lib : spi.o (.text:SPI_enableModule)
                  000054c0    0000001c     rtsv7M4_T_le_v4SPD16_eabi.lib : copy_zero_init.c.obj (.text:decompress:ZI:__TI_zero_init_nomemset:__TI_zero_init_nomemset)
                  000054dc    0000001c                                   : memccpy.c.obj (.text:memccpy)
                  000054f8    0000001a     Button.obj (.text:Button_isPressed)
                  00005512    0000001a     grlib.a : display.obj (.text:Graphics_clearDisplayOnDisplay)
                  0000552c    0000001a             : context.obj (.text:Graphics_setBackgroundColor)
                  00005546    0000001a             : context.obj (.text:Graphics_setFont)
                  00005560    0000001a     rtsv7M4_T_le_v4SPD16_eabi.lib : s_copysign.c.obj (.text:copysign)
                  0000557a    00000018                                   : sprintf.c.obj (.text:_outs)
                  00005592    00000018                                   : ll_mul_t2.asm.obj (.text)
                  000055aa    00000016     msp432p4xx_driverlib.lib : spi.o (.text:EUSCI_A_SPI_enable)
                  000055c0    00000016                              : spi.o (.text:EUSCI_B_SPI_enable)
                  000055d6    00000016     Graphics.obj (.text:GFX_setForeground)
                  000055ec    00000016     grlib.a : context.obj (.text:Graphics_setForegroundColor)
                  00005602    00000016             : display.obj (.text:Graphics_translateColorOnDisplay)
                  00005618    00000016     rtsv7M4_T_le_v4SPD16_eabi.lib : strchr.c.obj (.text:strchr)
                  0000562e    00000014     msp432p4xx_driverlib.lib : timer32.o (.text:Timer32_clearInterruptFlag)
                  00005642    00000014     rtsv7M4_T_le_v4SPD16_eabi.lib : strlen.c.obj (.text:strlen)
                  00005656    00000012     grlib.a : context.obj (.text:Graphics_clearDisplay)
                  00005668    00000012     rtsv7M4_T_le_v4SPD16_eabi.lib : wcslen.c.obj (.text:wcslen)
                  0000567a    00000002     --HOLE-- [fill = 0]
                  0000567c    00000010     msp432p4xx_driverlib.lib : adc14.o (.text:ADCIsConversionRunning)
                  0000568c    00000010                              : interrupt.o (.text:Interrupt_disableMaster)
                  0000569c    00000010                              : interrupt.o (.text:Interrupt_enableMaster)
                  000056ac    0000000e     Button.obj (.text:Button_isTapped)
                  000056ba    0000000e     grlib.a : context.obj (.text:Graphics_getFontHeight)
                  000056c8    0000000e             : context.obj (.text:Graphics_getFontMaxWidth)
                  000056d6    0000000e     Joystick.obj (.text:Joystick_isTappedtoBottom)
                  000056e4    0000000e     Joystick.obj (.text:Joystick_isTappedtoTop)
                  000056f2    0000000e     msp432p4xx_driverlib.lib : timer32.o (.text:Timer32_getValue)
                  00005700    0000000e     rtsv7M4_T_le_v4SPD16_eabi.lib : copy_decompress_none.c.obj (.text:decompress:none:__TI_decompress_none)
                  0000570e    00000002     --HOLE-- [fill = 0]
                  00005710    0000000c     msp432p4xx_driverlib.lib : adc14.o (.text:ADC14_enableModule)
                  0000571c    0000000c                              : cpu.o (.text:CPU_cpsid)
                  00005728    0000000c                              : cpu.o (.text:CPU_cpsie)
                  00005734    0000000c     Graphics.obj (.text:GFX_clear)
                  00005740    0000000c     startup_msp432p401r_ccs.obj (.text:Reset_Handler)
                  0000574c    0000000c     Joystick.obj (.text:startADC)
                  00005758    0000000a     Crystalfontz128x128_ST7735.obj (.text:Crystalfontz128x128_Flush)
                  00005762    0000000a     rtsv7M4_T_le_v4SPD16_eabi.lib : sprintf.c.obj (.text:_outc)
                  0000576c    00000008                                   : errno.c.obj (.text:__aeabi_errno_addr)
                  00005774    00000004                                   : pre_init.c.obj (.text:_system_pre_init)
                  00005778    00000004                                   : exit.c.obj (.text:abort:abort)

.const     0    0000577c    000005c0     
                  0000577c    000002f8     grlib.a : fontfixed6x8.obj (.const:.string:g_pucFontFixed6x8Data)
                  00005a74    00000101     rtsv7M4_T_le_v4SPD16_eabi.lib : ctype.c.obj (.const:.string:_ctypes_)
                  00005b75    00000003     --HOLE-- [fill = 0]
                  00005b78    000000c8     grlib.a : fontfixed6x8.obj (.const:g_sFontFixed6x8)
                  00005c40    00000080     msp432p4xx_driverlib.lib : adc14.o (.const:_ctlRegs)
                  00005cc0    00000030                              : gpio.o (.const:GPIO_PORT_TO_BASE)
                  00005cf0    00000020     Crystalfontz128x128_ST7735.obj (.const:g_sCrystalfontz128x128_funcs)
                  00005d10    0000001c     HAL_MSP_EXP432P401R_Crystalfontz128x128_ST7735.obj (.const:$P$T0$1)
                  00005d2c    00000008     Crystalfontz128x128_ST7735.obj (.const:$P$T0$1)
                  00005d34    00000008     msp432p4xx_driverlib.lib : interrupt.o (.const:g_pulEnRegs)

.cinit     0    00005d40    00000040     
                  00005d40    0000001b     (.cinit..data.load) [load image, compression = lzss]
                  00005d5b    00000001     --HOLE-- [fill = 0]
                  00005d5c    0000000c     (__TI_handler_table)
                  00005d68    00000008     (.cinit..bss.load) [load image, compression = zero_init]
                  00005d70    00000010     (__TI_cinit_table)

.init_array 
*          0    00000000    00000000     UNINITIALIZED

.binit     0    00000000    00000000     

.data      0    20000000    0000002c     UNINITIALIZED
                  20000000    00000010     Crystalfontz128x128_ST7735.obj (.data:g_sCrystalfontz128x128)
                  20000010    00000008     rtsv7M4_T_le_v4SPD16_eabi.lib : _lock.c.obj (.data:$O1$$)
                  20000018    00000008     Timer.obj (.data)
                  20000020    00000004     Joystick.obj (.data)
                  20000024    00000004     rtsv7M4_T_le_v4SPD16_eabi.lib : errno.c.obj (.data)
                  20000028    00000004                                   : rand.c.obj (.data)

.bss       0    2000002c    0000000a     UNINITIALIZED
                  2000002c    00000002     (.common:Lcd_ScreenHeigth)
                  2000002e    00000002     (.common:Lcd_ScreenWidth)
                  20000030    00000002     (.common:Lcd_TouchTrim)
                  20000032    00000001     (.common:Lcd_FlagRead)
                  20000033    00000001     (.common:Lcd_FontSolid)
                  20000034    00000001     (.common:Lcd_Orientation)
                  20000035    00000001     (.common:Lcd_PenSolid)

.stack     0    2000fe00    00000200     UNINITIALIZED
                  2000fe00    00000004     rtsv7M4_T_le_v4SPD16_eabi.lib : boot_cortex_m.c.obj (.stack)
                  2000fe04    000001fc     --HOLE--

__llvm_prf_cnts 
*          0    20000000    00000000     UNINITIALIZED

MODULE SUMMARY

       Module                                               code    ro data   rw data
       ------                                               ----    -------   -------
    .\
       proj2_main.obj                                       4161    0         0      
       system_msp432p401r.obj                               120     0         0      
    +--+----------------------------------------------------+-------+---------+---------+
       Total:                                               4281    0         0      
                                                                                     
    .\HAL\
       Joystick.obj                                         550     0         8      
       Graphics.obj                                         466     0         0      
       Timer.obj                                            410     0         16     
       Button.obj                                           362     0         0      
       HAL.obj                                              212     0         0      
       LED.obj                                              154     0         0      
    +--+----------------------------------------------------+-------+---------+---------+
       Total:                                               2154    0         24     
                                                                                     
    .\HAL\LcdDriver\
       Crystalfontz128x128_ST7735.obj                       1670    40        52     
       HAL_MSP_EXP432P401R_Crystalfontz128x128_ST7735.obj   212     28        0      
    +--+----------------------------------------------------+-------+---------+---------+
       Total:                                               1882    68        52     
                                                                                     
    .\ccs\
       startup_msp432p401r_ccs.obj                          14      228       0      
    +--+----------------------------------------------------+-------+---------+---------+
       Total:                                               14      228       0      
                                                                                     
    D:\CSSstudio\ccs\tools\compiler\ti-cgt-arm_20.2.0.LTS\lib\rtsv7M4_T_le_v4SPD16_eabi.lib
       _printfi.c.obj                                       4851    0         0      
       fd_add_t2.asm.obj                                    438     0         0      
       fd_div_t2.asm.obj                                    310     0         0      
       s_scalbn.c.obj                                       272     0         0      
       fd_cmp_t2.asm.obj                                    268     0         0      
       ctype.c.obj                                          0       257       0      
       fd_mul_t2.asm.obj                                    252     0         0      
       memcpy_t2.asm.obj                                    156     0         0      
       ull_div_t2.asm.obj                                   150     0         0      
       memset_t2.asm.obj                                    122     0         0      
       copy_decompress_lzss.c.obj                           104     0         0      
       s_frexp.c.obj                                        100     0         0      
       sprintf.c.obj                                        98      0         0      
       _ltoa.c.obj                                          84      0         0      
       atoi.c.obj                                           76      0         0      
       fd_toi_t2.asm.obj                                    72      0         0      
       autoinit.c.obj                                       68      0         0      
       rand.c.obj                                           52      0         8      
       boot_cortex_m.c.obj                                  52      0         0      
       i_tofd_t2.asm.obj                                    46      0         0      
       copy_zero_init.c.obj                                 28      0         0      
       memccpy.c.obj                                        28      0         0      
       s_copysign.c.obj                                     26      0         0      
       ll_mul_t2.asm.obj                                    24      0         0      
       strchr.c.obj                                         22      0         0      
       strlen.c.obj                                         20      0         0      
       _lock.c.obj                                          2       0         16     
       wcslen.c.obj                                         18      0         0      
       errno.c.obj                                          8       0         8      
       copy_decompress_none.c.obj                           14      0         0      
       exit.c.obj                                           4       0         0      
       pre_init.c.obj                                       4       0         0      
       div0.asm.obj                                         2       0         0      
    +--+----------------------------------------------------+-------+---------+---------+
       Total:                                               7771    257       32     
                                                                                     
    X:/CSSstudio_workspace/simplelink_msp432p4_sdk_3_40_01_02/source/ti/devices/msp432p4xx/driverlib/ccs/msp432p4xx_driverlib.lib
       adc14.o                                              1000    128       0      
       cs.o                                                 904     0         0      
       gpio.o                                               552     48        0      
       spi.o                                                312     0         0      
       timer32.o                                            246     0         0      
       interrupt.o                                          160     8         0      
       sysctl_a.o                                           148     0         0      
       flash.o                                              72      0         0      
       wdt_a.o                                              36      0         0      
       cpu.o                                                24      0         0      
    +--+----------------------------------------------------+-------+---------+---------+
       Total:                                               3454    184       0      
                                                                                     
    X:/CSSstudio_workspace/simplelink_msp432p4_sdk_3_40_01_02/source/ti/grlib/lib/ccs/m4f/grlib.a
       string.obj                                           1214    0         0      
       fontfixed6x8.obj                                     0       960       0      
       circle.obj                                           554     0         0      
       rectangle.obj                                        274     0         0      
       context.obj                                          202     0         0      
       display.obj                                          176     0         0      
       line.obj                                             156     0         0      
    +--+----------------------------------------------------+-------+---------+---------+
       Total:                                               2576    960       0      
                                                                                     
       Stack:                                               0       0         1024   
       Linker Generated:                                    0       63        0      
    +--+----------------------------------------------------+-------+---------+---------+
       Grand Total:                                         22132   1760      1132   


LINKER GENERATED COPY TABLES

__TI_cinit_table @ 00005d70 records: 2, size/record: 8, table size: 16
	.data: load addr=00005d40, load size=0000001b bytes, run addr=20000000, run size=0000002c bytes, compression=lzss
	.bss: load addr=00005d68, load size=00000008 bytes, run addr=2000002c, run size=0000000a bytes, compression=zero_init


LINKER GENERATED HANDLER TABLE

__TI_handler_table @ 00005d5c records: 3, size/record: 4, table size: 12
	index: 0, handler: __TI_decompress_lzss
	index: 1, handler: __TI_decompress_none
	index: 2, handler: __TI_zero_init


GLOBAL SYMBOLS: SORTED ALPHABETICALLY BY Name 

address   name                                       
-------   ----                                       
0000168f  ADC14_IRQHandler                           
0000364d  ADC14_configureConversionMemory            
00003701  ADC14_configureMultiSequenceMode           
0000525d  ADC14_enableConversion                     
00005711  ADC14_enableModule                         
00004f39  ADC14_enableSampleTimer                    
00005285  ADC14_getResult                            
000047fd  ADC14_initModule                           
0000512d  ADC14_toggleConversionTrigger              
0000168f  AES256_IRQHandler                          
00003589  App_proj2_construct                        
00004a3d  App_proj2_getCursorPoint                   
00001ddd  App_proj2_handleGameScreen                 
00001691  App_proj2_handleInstructionsScreen         
000030dd  App_proj2_handleResultScreen               
00002c91  App_proj2_handleScoresScreen               
00005159  App_proj2_handleTitleScreen                
000034ad  App_proj2_loop                             
00002fd1  App_proj2_showMenuScreen                   
00003dd9  App_proj2_showSplashScreen                 
0000168f  BusFault_Handler                           
000045e1  Button_construct                           
000054f9  Button_isPressed                           
000056ad  Button_isTapped                            
000032e1  Button_refresh                             
00005779  C$$EXIT                                    
0000168f  COMP_E0_IRQHandler                         
0000168f  COMP_E1_IRQHandler                         
0000571d  CPU_cpsid                                  
00005729  CPU_cpsie                                  
0000168f  CS_IRQHandler                              
00002911  CS_initClockSignal                         
00004f6d  CS_setDCOCenteredFrequency                 
00001f89  CS_setDCOFrequency                         
00003e65  CS_tuneDCOFrequency                        
00002a41  Crystalfontz128x128_Init                   
000027dd  Crystalfontz128x128_SetDrawFrame           
00004851  Crystalfontz128x128_SetOrientation         
0000168f  DMA_ERR_IRQHandler                         
0000168f  DMA_INT0_IRQHandler                        
0000168f  DMA_INT1_IRQHandler                        
0000168f  DMA_INT2_IRQHandler                        
0000168f  DMA_INT3_IRQHandler                        
0000168f  DebugMon_Handler                           
0000168f  Default_Handler                            
0000168f  EUSCIA0_IRQHandler                         
0000168f  EUSCIA1_IRQHandler                         
0000168f  EUSCIA2_IRQHandler                         
0000168f  EUSCIA3_IRQHandler                         
0000168f  EUSCIB0_IRQHandler                         
0000168f  EUSCIB1_IRQHandler                         
0000168f  EUSCIB2_IRQHandler                         
0000168f  EUSCIB3_IRQHandler                         
000055ab  EUSCI_A_SPI_enable                         
000055c1  EUSCI_B_SPI_enable                         
0000168f  FLCTL_IRQHandler                           
0000168f  FPU_IRQHandler                             
00004ad1  FlashCtl_setWaitState                      
00005735  GFX_clear                                  
0000463d  GFX_construct                              
00004deb  GFX_drawLane                               
0000544d  GFX_drawSolidCircle                        
00004b61  GFX_print                                  
00004699  GFX_removeObstacle                         
00004e95  GFX_removeSolidCircle                      
00005209  GFX_resetColors                            
000055d7  GFX_setForeground                          
0000503d  GPIO_getInputPinValue                      
000046f5  GPIO_setAsInputPinWithPullUpResistor       
00004c6d  GPIO_setAsOutputPin                        
00003eed  GPIO_setAsPeripheralModuleFunctionInputPin 
00003f75  GPIO_setAsPeripheralModuleFunctionOutputPin
000052d5  GPIO_setOutputHighOnPin                    
000052fd  GPIO_setOutputLowOnPin                     
00005657  Graphics_clearDisplay                      
00005513  Graphics_clearDisplayOnDisplay             
00004ecb  Graphics_drawHorizontalLineOnDisplay       
00003a51  Graphics_drawLineH                         
000051b1  Graphics_drawPixelOnDisplay                
00000b33  Graphics_drawString                        
00001465  Graphics_fillCircle                        
00002daf  Graphics_fillRectangle                     
0000546b  Graphics_fillRectangleOnDisplay            
000056bb  Graphics_getFontHeight                     
000056c9  Graphics_getFontMaxWidth                   
0000494d  Graphics_initContext                       
0000552d  Graphics_setBackgroundColor                
00005547  Graphics_setFont                           
000055ed  Graphics_setForegroundColor                
00005603  Graphics_translateColorOnDisplay           
0000506d  HAL_LCD_PortInit                           
00004ced  HAL_LCD_SpiInit                            
00004e25  HAL_LCD_writeCommand                       
000051dd  HAL_LCD_writeData                          
00003917  HAL_construct                              
00004f01  HAL_refresh                                
0000168f  HardFault_Handler                          
0000428d  InitSystemTiming                           
0000568d  Interrupt_disableMaster                    
00004191  Interrupt_enableInterrupt                  
0000569d  Interrupt_enableMaster                     
00005489  Joystick_construct                         
0000540d  Joystick_isPressedtoLeft                   
0000542d  Joystick_isPressedtoRight                  
000056d7  Joystick_isTappedtoBottom                  
000056e5  Joystick_isTappedtoTop                     
0000241d  Joystick_refresh                           
00004a87  LED_construct                              
00005325  LED_turnOff                                
0000534d  LED_turnOn                                 
20000032  Lcd_FlagRead                               
20000033  Lcd_FontSolid                              
20000034  Lcd_Orientation                            
20000035  Lcd_PenSolid                               
2000002c  Lcd_ScreenHeigth                           
2000002e  Lcd_ScreenWidth                            
20000030  Lcd_TouchTrim                              
0000168f  MemManage_Handler                          
0000168f  NMI_Handler                                
0000168f  PCM_IRQHandler                             
0000168f  PORT1_IRQHandler                           
0000168f  PORT2_IRQHandler                           
0000168f  PORT3_IRQHandler                           
0000168f  PORT4_IRQHandler                           
0000168f  PORT5_IRQHandler                           
0000168f  PORT6_IRQHandler                           
0000168f  PSS_IRQHandler                             
0000168f  PendSV_Handler                             
0000168f  RTC_C_IRQHandler                           
00005741  Reset_Handler                              
000054a5  SPI_enableModule                           
00003867  SPI_initMaster                             
0000168f  SVC_Handler                                
000048a5  SWTimer_construct                          
0000474d  SWTimer_elapsedCycles                      
00005233  SWTimer_expired                            
000053c5  SWTimer_start                              
00003c21  SysCtl_A_getTLVInfo                        
0000168f  SysTick_Handler                            
00004305  SystemInit                                 
00005375  T32_INT1_IRQHandler                        
00005375  T32_INT1_IRQHandler                        
0000168f  T32_INT2_IRQHandler                        
0000168f  T32_INTC_IRQHandler                        
0000168f  TA0_0_IRQHandler                           
0000168f  TA0_N_IRQHandler                           
0000168f  TA1_0_IRQHandler                           
0000168f  TA1_N_IRQHandler                           
0000168f  TA2_0_IRQHandler                           
0000168f  TA2_N_IRQHandler                           
0000168f  TA3_0_IRQHandler                           
0000168f  TA3_N_IRQHandler                           
0000562f  Timer32_clearInterruptFlag                 
000056f3  Timer32_getValue                           
000043ed  Timer32_initModule                         
00004fa1  Timer32_setCount                           
00004e5d  Timer32_startTimer                         
0000168f  UsageFault_Handler                         
4000480c  WDTCTL_SYM                                 
0000168f  WDT_A_IRQHandler                           
000053e9  WDT_A_holdTimer                            
20010000  __STACK_END                                
00000200  __STACK_SIZE                               
00005d70  __TI_CINIT_Base                            
00005d80  __TI_CINIT_Limit                           
00005d5c  __TI_Handler_Table_Base                    
00005d68  __TI_Handler_Table_Limit                   
00004ba5  __TI_auto_init_nobinit_nopinit             
00004455  __TI_decompress_lzss                       
00005701  __TI_decompress_none                       
000048f9  __TI_ltoa                                  
ffffffff  __TI_pprof_out_hndl                        
000000e5  __TI_printfi                               
ffffffff  __TI_prof_data_size                        
ffffffff  __TI_prof_data_start                       
00000000  __TI_static_base__                         
000054c1  __TI_zero_init_nomemset                    
00003ffd  __aeabi_cdcmpeq                            
00003ffd  __aeabi_cdcmple                            
00004083  __aeabi_cdrcmple                           
00004b19  __aeabi_d2iz                               
00001c2f  __aeabi_dadd                               
000026a5  __aeabi_ddiv                               
000031e5  __aeabi_dmul                               
00001c25  __aeabi_dsub                               
0000576d  __aeabi_errno_addr                         
000050fd  __aeabi_i2d                                
00001ddb  __aeabi_idiv0                              
00001ddb  __aeabi_ldiv0                              
00005593  __aeabi_lmul                               
00004211  __aeabi_memclr                             
00004211  __aeabi_memclr4                            
00004211  __aeabi_memclr8                            
00003aed  __aeabi_memcpy                             
00003aed  __aeabi_memcpy4                            
00003aed  __aeabi_memcpy8                            
00004213  __aeabi_memset                             
00004213  __aeabi_memset4                            
00004213  __aeabi_memset8                            
00003b89  __aeabi_uldivmod                           
ffffffff  __binit__                                  
ffffffff  __c_args__                                 
UNDEFED   __mpu_init                                 
2000fe00  __stack                                    
20000000  __start___llvm_prf_cnts                    
20000000  __stop___llvm_prf_cnts                     
00004fd5  _c_int00_noargs                            
00005a74  _ctypes_                                   
20000010  _lock                                      
00001a53  _nop                                       
UNDEFED   _system_post_cinit                         
00005775  _system_pre_init                           
20000014  _unlock                                    
00005779  abort                                      
000049f1  atoi                                       
ffffffff  binit                                      
00005561  copysign                                   
00005561  copysignl                                  
00004be9  drawLanes                                  
00003d49  drawObstacles                              
20000024  errno                                      
000044bd  frexp                                      
000044bd  frexpl                                     
20000000  g_sCrystalfontz128x128                     
00005cf0  g_sCrystalfontz128x128_funcs               
00005b78  g_sFontFixed6x8                            
00001221  handlePlayerMovement                       
0000539d  initADC                                    
0000509d  initJoyStick                               
00000000  interruptVectors                           
00003cb5  isCollision                                
00002ec1  ldexp                                      
00002ec1  ldexpl                                     
000050cd  main                                       
000054dd  memccpy                                    
00003aed  memcpy                                     
00004219  memset                                     
00002125  moveObstacles                              
00005009  rand                                       
00002ec1  scalbn                                     
00002ec1  scalbnl                                    
000033c7  spawnObstacle                              
00004d6d  sprintf                                    
0000574d  startADC                                   
00005619  strchr                                     
00005643  strlen                                     
00004109  updateHighScores                           
00005669  wcslen                                     


GLOBAL SYMBOLS: SORTED BY Symbol Address 

address   name                                       
-------   ----                                       
00000000  __TI_static_base__                         
00000000  interruptVectors                           
000000e5  __TI_printfi                               
00000200  __STACK_SIZE                               
00000b33  Graphics_drawString                        
00001221  handlePlayerMovement                       
00001465  Graphics_fillCircle                        
0000168f  ADC14_IRQHandler                           
0000168f  AES256_IRQHandler                          
0000168f  BusFault_Handler                           
0000168f  COMP_E0_IRQHandler                         
0000168f  COMP_E1_IRQHandler                         
0000168f  CS_IRQHandler                              
0000168f  DMA_ERR_IRQHandler                         
0000168f  DMA_INT0_IRQHandler                        
0000168f  DMA_INT1_IRQHandler                        
0000168f  DMA_INT2_IRQHandler                        
0000168f  DMA_INT3_IRQHandler                        
0000168f  DebugMon_Handler                           
0000168f  Default_Handler                            
0000168f  EUSCIA0_IRQHandler                         
0000168f  EUSCIA1_IRQHandler                         
0000168f  EUSCIA2_IRQHandler                         
0000168f  EUSCIA3_IRQHandler                         
0000168f  EUSCIB0_IRQHandler                         
0000168f  EUSCIB1_IRQHandler                         
0000168f  EUSCIB2_IRQHandler                         
0000168f  EUSCIB3_IRQHandler                         
0000168f  FLCTL_IRQHandler                           
0000168f  FPU_IRQHandler                             
0000168f  HardFault_Handler                          
0000168f  MemManage_Handler                          
0000168f  NMI_Handler                                
0000168f  PCM_IRQHandler                             
0000168f  PORT1_IRQHandler                           
0000168f  PORT2_IRQHandler                           
0000168f  PORT3_IRQHandler                           
0000168f  PORT4_IRQHandler                           
0000168f  PORT5_IRQHandler                           
0000168f  PORT6_IRQHandler                           
0000168f  PSS_IRQHandler                             
0000168f  PendSV_Handler                             
0000168f  RTC_C_IRQHandler                           
0000168f  SVC_Handler                                
0000168f  SysTick_Handler                            
0000168f  T32_INT2_IRQHandler                        
0000168f  T32_INTC_IRQHandler                        
0000168f  TA0_0_IRQHandler                           
0000168f  TA0_N_IRQHandler                           
0000168f  TA1_0_IRQHandler                           
0000168f  TA1_N_IRQHandler                           
0000168f  TA2_0_IRQHandler                           
0000168f  TA2_N_IRQHandler                           
0000168f  TA3_0_IRQHandler                           
0000168f  TA3_N_IRQHandler                           
0000168f  UsageFault_Handler                         
0000168f  WDT_A_IRQHandler                           
00001691  App_proj2_handleInstructionsScreen         
00001a53  _nop                                       
00001c25  __aeabi_dsub                               
00001c2f  __aeabi_dadd                               
00001ddb  __aeabi_idiv0                              
00001ddb  __aeabi_ldiv0                              
00001ddd  App_proj2_handleGameScreen                 
00001f89  CS_setDCOFrequency                         
00002125  moveObstacles                              
0000241d  Joystick_refresh                           
000026a5  __aeabi_ddiv                               
000027dd  Crystalfontz128x128_SetDrawFrame           
00002911  CS_initClockSignal                         
00002a41  Crystalfontz128x128_Init                   
00002c91  App_proj2_handleScoresScreen               
00002daf  Graphics_fillRectangle                     
00002ec1  ldexp                                      
00002ec1  ldexpl                                     
00002ec1  scalbn                                     
00002ec1  scalbnl                                    
00002fd1  App_proj2_showMenuScreen                   
000030dd  App_proj2_handleResultScreen               
000031e5  __aeabi_dmul                               
000032e1  Button_refresh                             
000033c7  spawnObstacle                              
000034ad  App_proj2_loop                             
00003589  App_proj2_construct                        
0000364d  ADC14_configureConversionMemory            
00003701  ADC14_configureMultiSequenceMode           
00003867  SPI_initMaster                             
00003917  HAL_construct                              
00003a51  Graphics_drawLineH                         
00003aed  __aeabi_memcpy                             
00003aed  __aeabi_memcpy4                            
00003aed  __aeabi_memcpy8                            
00003aed  memcpy                                     
00003b89  __aeabi_uldivmod                           
00003c21  SysCtl_A_getTLVInfo                        
00003cb5  isCollision                                
00003d49  drawObstacles                              
00003dd9  App_proj2_showSplashScreen                 
00003e65  CS_tuneDCOFrequency                        
00003eed  GPIO_setAsPeripheralModuleFunctionInputPin 
00003f75  GPIO_setAsPeripheralModuleFunctionOutputPin
00003ffd  __aeabi_cdcmpeq                            
00003ffd  __aeabi_cdcmple                            
00004083  __aeabi_cdrcmple                           
00004109  updateHighScores                           
00004191  Interrupt_enableInterrupt                  
00004211  __aeabi_memclr                             
00004211  __aeabi_memclr4                            
00004211  __aeabi_memclr8                            
00004213  __aeabi_memset                             
00004213  __aeabi_memset4                            
00004213  __aeabi_memset8                            
00004219  memset                                     
0000428d  InitSystemTiming                           
00004305  SystemInit                                 
000043ed  Timer32_initModule                         
00004455  __TI_decompress_lzss                       
000044bd  frexp                                      
000044bd  frexpl                                     
000045e1  Button_construct                           
0000463d  GFX_construct                              
00004699  GFX_removeObstacle                         
000046f5  GPIO_setAsInputPinWithPullUpResistor       
0000474d  SWTimer_elapsedCycles                      
000047fd  ADC14_initModule                           
00004851  Crystalfontz128x128_SetOrientation         
000048a5  SWTimer_construct                          
000048f9  __TI_ltoa                                  
0000494d  Graphics_initContext                       
000049f1  atoi                                       
00004a3d  App_proj2_getCursorPoint                   
00004a87  LED_construct                              
00004ad1  FlashCtl_setWaitState                      
00004b19  __aeabi_d2iz                               
00004b61  GFX_print                                  
00004ba5  __TI_auto_init_nobinit_nopinit             
00004be9  drawLanes                                  
00004c6d  GPIO_setAsOutputPin                        
00004ced  HAL_LCD_SpiInit                            
00004d6d  sprintf                                    
00004deb  GFX_drawLane                               
00004e25  HAL_LCD_writeCommand                       
00004e5d  Timer32_startTimer                         
00004e95  GFX_removeSolidCircle                      
00004ecb  Graphics_drawHorizontalLineOnDisplay       
00004f01  HAL_refresh                                
00004f39  ADC14_enableSampleTimer                    
00004f6d  CS_setDCOCenteredFrequency                 
00004fa1  Timer32_setCount                           
00004fd5  _c_int00_noargs                            
00005009  rand                                       
0000503d  GPIO_getInputPinValue                      
0000506d  HAL_LCD_PortInit                           
0000509d  initJoyStick                               
000050cd  main                                       
000050fd  __aeabi_i2d                                
0000512d  ADC14_toggleConversionTrigger              
00005159  App_proj2_handleTitleScreen                
000051b1  Graphics_drawPixelOnDisplay                
000051dd  HAL_LCD_writeData                          
00005209  GFX_resetColors                            
00005233  SWTimer_expired                            
0000525d  ADC14_enableConversion                     
00005285  ADC14_getResult                            
000052d5  GPIO_setOutputHighOnPin                    
000052fd  GPIO_setOutputLowOnPin                     
00005325  LED_turnOff                                
0000534d  LED_turnOn                                 
00005375  T32_INT1_IRQHandler                        
00005375  T32_INT1_IRQHandler                        
0000539d  initADC                                    
000053c5  SWTimer_start                              
000053e9  WDT_A_holdTimer                            
0000540d  Joystick_isPressedtoLeft                   
0000542d  Joystick_isPressedtoRight                  
0000544d  GFX_drawSolidCircle                        
0000546b  Graphics_fillRectangleOnDisplay            
00005489  Joystick_construct                         
000054a5  SPI_enableModule                           
000054c1  __TI_zero_init_nomemset                    
000054dd  memccpy                                    
000054f9  Button_isPressed                           
00005513  Graphics_clearDisplayOnDisplay             
0000552d  Graphics_setBackgroundColor                
00005547  Graphics_setFont                           
00005561  copysign                                   
00005561  copysignl                                  
00005593  __aeabi_lmul                               
000055ab  EUSCI_A_SPI_enable                         
000055c1  EUSCI_B_SPI_enable                         
000055d7  GFX_setForeground                          
000055ed  Graphics_setForegroundColor                
00005603  Graphics_translateColorOnDisplay           
00005619  strchr                                     
0000562f  Timer32_clearInterruptFlag                 
00005643  strlen                                     
00005657  Graphics_clearDisplay                      
00005669  wcslen                                     
0000568d  Interrupt_disableMaster                    
0000569d  Interrupt_enableMaster                     
000056ad  Button_isTapped                            
000056bb  Graphics_getFontHeight                     
000056c9  Graphics_getFontMaxWidth                   
000056d7  Joystick_isTappedtoBottom                  
000056e5  Joystick_isTappedtoTop                     
000056f3  Timer32_getValue                           
00005701  __TI_decompress_none                       
00005711  ADC14_enableModule                         
0000571d  CPU_cpsid                                  
00005729  CPU_cpsie                                  
00005735  GFX_clear                                  
00005741  Reset_Handler                              
0000574d  startADC                                   
0000576d  __aeabi_errno_addr                         
00005775  _system_pre_init                           
00005779  C$$EXIT                                    
00005779  abort                                      
00005a74  _ctypes_                                   
00005b78  g_sFontFixed6x8                            
00005cf0  g_sCrystalfontz128x128_funcs               
00005d5c  __TI_Handler_Table_Base                    
00005d68  __TI_Handler_Table_Limit                   
00005d70  __TI_CINIT_Base                            
00005d80  __TI_CINIT_Limit                           
20000000  __start___llvm_prf_cnts                    
20000000  __stop___llvm_prf_cnts                     
20000000  g_sCrystalfontz128x128                     
20000010  _lock                                      
20000014  _unlock                                    
20000024  errno                                      
2000002c  Lcd_ScreenHeigth                           
2000002e  Lcd_ScreenWidth                            
20000030  Lcd_TouchTrim                              
20000032  Lcd_FlagRead                               
20000033  Lcd_FontSolid                              
20000034  Lcd_Orientation                            
20000035  Lcd_PenSolid                               
2000fe00  __stack                                    
20010000  __STACK_END                                
4000480c  WDTCTL_SYM                                 
ffffffff  __TI_pprof_out_hndl                        
ffffffff  __TI_prof_data_size                        
ffffffff  __TI_prof_data_start                       
ffffffff  __binit__                                  
ffffffff  __c_args__                                 
ffffffff  binit                                      
UNDEFED   __mpu_init                                 
UNDEFED   _system_post_cinit                         

[248 symbols]
