<?xml version="1.0" encoding="ISO-8859-1" ?>
<link_info>
   <banner>TI ARM Linker PC v20.2.0.LTS</banner>
   <copyright>Copyright (c) 1996-2018 Texas Instruments Incorporated</copyright>
   <link_time>0x66301070</link_time>
   <link_errors>0x0</link_errors>
   <output_file>S24_Proj2.out</output_file>
   <entry_point>
      <name>_c_int00_noargs</name>
      <address>0x4fd5</address>
   </entry_point>
   <input_file_list>
      <input_file id="fl-2">
         <path>.\</path>
         <kind>object</kind>
         <file>proj2_main.obj</file>
         <name>proj2_main.obj</name>
      </input_file>
      <input_file id="fl-3">
         <path>.\</path>
         <kind>object</kind>
         <file>system_msp432p401r.obj</file>
         <name>system_msp432p401r.obj</name>
      </input_file>
      <input_file id="fl-4">
         <path>.\HAL\</path>
         <kind>object</kind>
         <file>Button.obj</file>
         <name>Button.obj</name>
      </input_file>
      <input_file id="fl-5">
         <path>.\HAL\</path>
         <kind>object</kind>
         <file>Graphics.obj</file>
         <name>Graphics.obj</name>
      </input_file>
      <input_file id="fl-6">
         <path>.\HAL\</path>
         <kind>object</kind>
         <file>HAL.obj</file>
         <name>HAL.obj</name>
      </input_file>
      <input_file id="fl-7">
         <path>.\HAL\</path>
         <kind>object</kind>
         <file>Joystick.obj</file>
         <name>Joystick.obj</name>
      </input_file>
      <input_file id="fl-8">
         <path>.\HAL\</path>
         <kind>object</kind>
         <file>LED.obj</file>
         <name>LED.obj</name>
      </input_file>
      <input_file id="fl-9">
         <path>.\HAL\</path>
         <kind>object</kind>
         <file>Timer.obj</file>
         <name>Timer.obj</name>
      </input_file>
      <input_file id="fl-a">
         <path>.\HAL\LcdDriver\</path>
         <kind>object</kind>
         <file>Crystalfontz128x128_ST7735.obj</file>
         <name>Crystalfontz128x128_ST7735.obj</name>
      </input_file>
      <input_file id="fl-b">
         <path>.\HAL\LcdDriver\</path>
         <kind>object</kind>
         <file>HAL_MSP_EXP432P401R_Crystalfontz128x128_ST7735.obj</file>
         <name>HAL_MSP_EXP432P401R_Crystalfontz128x128_ST7735.obj</name>
      </input_file>
      <input_file id="fl-c">
         <path>.\ccs\</path>
         <kind>object</kind>
         <file>startup_msp432p401r_ccs.obj</file>
         <name>startup_msp432p401r_ccs.obj</name>
      </input_file>
      <input_file id="fl-16">
         <kind>object</kind>
         <file>&lt;internal&gt;</file>
         <name>&lt;internal&gt;</name>
      </input_file>
      <input_file id="fl-17">
         <path>X:\CSSstudio_workspace\simplelink_msp432p4_sdk_3_40_01_02\source\ti\grlib\lib\ccs\m4f\</path>
         <kind>archive</kind>
         <file>grlib.a</file>
         <name>circle.obj</name>
      </input_file>
      <input_file id="fl-18">
         <path>X:\CSSstudio_workspace\simplelink_msp432p4_sdk_3_40_01_02\source\ti\grlib\lib\ccs\m4f\</path>
         <kind>archive</kind>
         <file>grlib.a</file>
         <name>context.obj</name>
      </input_file>
      <input_file id="fl-19">
         <path>X:\CSSstudio_workspace\simplelink_msp432p4_sdk_3_40_01_02\source\ti\grlib\lib\ccs\m4f\</path>
         <kind>archive</kind>
         <file>grlib.a</file>
         <name>display.obj</name>
      </input_file>
      <input_file id="fl-1a">
         <path>X:\CSSstudio_workspace\simplelink_msp432p4_sdk_3_40_01_02\source\ti\grlib\lib\ccs\m4f\</path>
         <kind>archive</kind>
         <file>grlib.a</file>
         <name>fontfixed6x8.obj</name>
      </input_file>
      <input_file id="fl-1b">
         <path>X:\CSSstudio_workspace\simplelink_msp432p4_sdk_3_40_01_02\source\ti\grlib\lib\ccs\m4f\</path>
         <kind>archive</kind>
         <file>grlib.a</file>
         <name>line.obj</name>
      </input_file>
      <input_file id="fl-1c">
         <path>X:\CSSstudio_workspace\simplelink_msp432p4_sdk_3_40_01_02\source\ti\grlib\lib\ccs\m4f\</path>
         <kind>archive</kind>
         <file>grlib.a</file>
         <name>rectangle.obj</name>
      </input_file>
      <input_file id="fl-1d">
         <path>X:\CSSstudio_workspace\simplelink_msp432p4_sdk_3_40_01_02\source\ti\grlib\lib\ccs\m4f\</path>
         <kind>archive</kind>
         <file>grlib.a</file>
         <name>string.obj</name>
      </input_file>
      <input_file id="fl-1e">
         <path>X:\CSSstudio_workspace\simplelink_msp432p4_sdk_3_40_01_02\source\ti\devices\msp432p4xx\driverlib\ccs\</path>
         <kind>archive</kind>
         <file>msp432p4xx_driverlib.lib</file>
         <name>adc14.o</name>
      </input_file>
      <input_file id="fl-1f">
         <path>X:\CSSstudio_workspace\simplelink_msp432p4_sdk_3_40_01_02\source\ti\devices\msp432p4xx\driverlib\ccs\</path>
         <kind>archive</kind>
         <file>msp432p4xx_driverlib.lib</file>
         <name>cs.o</name>
      </input_file>
      <input_file id="fl-20">
         <path>X:\CSSstudio_workspace\simplelink_msp432p4_sdk_3_40_01_02\source\ti\devices\msp432p4xx\driverlib\ccs\</path>
         <kind>archive</kind>
         <file>msp432p4xx_driverlib.lib</file>
         <name>flash.o</name>
      </input_file>
      <input_file id="fl-21">
         <path>X:\CSSstudio_workspace\simplelink_msp432p4_sdk_3_40_01_02\source\ti\devices\msp432p4xx\driverlib\ccs\</path>
         <kind>archive</kind>
         <file>msp432p4xx_driverlib.lib</file>
         <name>gpio.o</name>
      </input_file>
      <input_file id="fl-22">
         <path>X:\CSSstudio_workspace\simplelink_msp432p4_sdk_3_40_01_02\source\ti\devices\msp432p4xx\driverlib\ccs\</path>
         <kind>archive</kind>
         <file>msp432p4xx_driverlib.lib</file>
         <name>interrupt.o</name>
      </input_file>
      <input_file id="fl-23">
         <path>X:\CSSstudio_workspace\simplelink_msp432p4_sdk_3_40_01_02\source\ti\devices\msp432p4xx\driverlib\ccs\</path>
         <kind>archive</kind>
         <file>msp432p4xx_driverlib.lib</file>
         <name>spi.o</name>
      </input_file>
      <input_file id="fl-24">
         <path>X:\CSSstudio_workspace\simplelink_msp432p4_sdk_3_40_01_02\source\ti\devices\msp432p4xx\driverlib\ccs\</path>
         <kind>archive</kind>
         <file>msp432p4xx_driverlib.lib</file>
         <name>sysctl.o</name>
      </input_file>
      <input_file id="fl-25">
         <path>X:\CSSstudio_workspace\simplelink_msp432p4_sdk_3_40_01_02\source\ti\devices\msp432p4xx\driverlib\ccs\</path>
         <kind>archive</kind>
         <file>msp432p4xx_driverlib.lib</file>
         <name>sysctl_a.o</name>
      </input_file>
      <input_file id="fl-26">
         <path>X:\CSSstudio_workspace\simplelink_msp432p4_sdk_3_40_01_02\source\ti\devices\msp432p4xx\driverlib\ccs\</path>
         <kind>archive</kind>
         <file>msp432p4xx_driverlib.lib</file>
         <name>timer32.o</name>
      </input_file>
      <input_file id="fl-27">
         <path>X:\CSSstudio_workspace\simplelink_msp432p4_sdk_3_40_01_02\source\ti\devices\msp432p4xx\driverlib\ccs\</path>
         <kind>archive</kind>
         <file>msp432p4xx_driverlib.lib</file>
         <name>wdt_a.o</name>
      </input_file>
      <input_file id="fl-28">
         <path>X:\CSSstudio_workspace\simplelink_msp432p4_sdk_3_40_01_02\source\ti\devices\msp432p4xx\driverlib\ccs\</path>
         <kind>archive</kind>
         <file>msp432p4xx_driverlib.lib</file>
         <name>cpu.o</name>
      </input_file>
      <input_file id="fl-de">
         <path>D:\CSSstudio\ccs\tools\compiler\ti-cgt-arm_20.2.0.LTS\lib\</path>
         <kind>archive</kind>
         <file>rtsv7M4_T_le_v4SPD16_eabi.lib</file>
         <name>sprintf.c.obj</name>
      </input_file>
      <input_file id="fl-df">
         <path>D:\CSSstudio\ccs\tools\compiler\ti-cgt-arm_20.2.0.LTS\lib\</path>
         <kind>archive</kind>
         <file>rtsv7M4_T_le_v4SPD16_eabi.lib</file>
         <name>fd_add_t2.asm.obj</name>
      </input_file>
      <input_file id="fl-e0">
         <path>D:\CSSstudio\ccs\tools\compiler\ti-cgt-arm_20.2.0.LTS\lib\</path>
         <kind>archive</kind>
         <file>rtsv7M4_T_le_v4SPD16_eabi.lib</file>
         <name>fd_cmp_t2.asm.obj</name>
      </input_file>
      <input_file id="fl-e1">
         <path>D:\CSSstudio\ccs\tools\compiler\ti-cgt-arm_20.2.0.LTS\lib\</path>
         <kind>archive</kind>
         <file>rtsv7M4_T_le_v4SPD16_eabi.lib</file>
         <name>fd_div_t2.asm.obj</name>
      </input_file>
      <input_file id="fl-e2">
         <path>D:\CSSstudio\ccs\tools\compiler\ti-cgt-arm_20.2.0.LTS\lib\</path>
         <kind>archive</kind>
         <file>rtsv7M4_T_le_v4SPD16_eabi.lib</file>
         <name>fd_toi_t2.asm.obj</name>
      </input_file>
      <input_file id="fl-e3">
         <path>D:\CSSstudio\ccs\tools\compiler\ti-cgt-arm_20.2.0.LTS\lib\</path>
         <kind>archive</kind>
         <file>rtsv7M4_T_le_v4SPD16_eabi.lib</file>
         <name>i_tofd_t2.asm.obj</name>
      </input_file>
      <input_file id="fl-e4">
         <path>D:\CSSstudio\ccs\tools\compiler\ti-cgt-arm_20.2.0.LTS\lib\</path>
         <kind>archive</kind>
         <file>rtsv7M4_T_le_v4SPD16_eabi.lib</file>
         <name>ll_mul_t2.asm.obj</name>
      </input_file>
      <input_file id="fl-e5">
         <path>D:\CSSstudio\ccs\tools\compiler\ti-cgt-arm_20.2.0.LTS\lib\</path>
         <kind>archive</kind>
         <file>rtsv7M4_T_le_v4SPD16_eabi.lib</file>
         <name>memcpy_t2.asm.obj</name>
      </input_file>
      <input_file id="fl-e6">
         <path>D:\CSSstudio\ccs\tools\compiler\ti-cgt-arm_20.2.0.LTS\lib\</path>
         <kind>archive</kind>
         <file>rtsv7M4_T_le_v4SPD16_eabi.lib</file>
         <name>ull_tofd_t2.asm.obj</name>
      </input_file>
      <input_file id="fl-e7">
         <path>D:\CSSstudio\ccs\tools\compiler\ti-cgt-arm_20.2.0.LTS\lib\</path>
         <kind>archive</kind>
         <file>rtsv7M4_T_le_v4SPD16_eabi.lib</file>
         <name>memset_t2.asm.obj</name>
      </input_file>
      <input_file id="fl-e8">
         <path>D:\CSSstudio\ccs\tools\compiler\ti-cgt-arm_20.2.0.LTS\lib\</path>
         <kind>archive</kind>
         <file>rtsv7M4_T_le_v4SPD16_eabi.lib</file>
         <name>ull_div_t2.asm.obj</name>
      </input_file>
      <input_file id="fl-e9">
         <path>D:\CSSstudio\ccs\tools\compiler\ti-cgt-arm_20.2.0.LTS\lib\</path>
         <kind>archive</kind>
         <file>rtsv7M4_T_le_v4SPD16_eabi.lib</file>
         <name>copy_zero_init.c.obj</name>
      </input_file>
      <input_file id="fl-ea">
         <path>D:\CSSstudio\ccs\tools\compiler\ti-cgt-arm_20.2.0.LTS\lib\</path>
         <kind>archive</kind>
         <file>rtsv7M4_T_le_v4SPD16_eabi.lib</file>
         <name>copy_decompress_none.c.obj</name>
      </input_file>
      <input_file id="fl-eb">
         <path>D:\CSSstudio\ccs\tools\compiler\ti-cgt-arm_20.2.0.LTS\lib\</path>
         <kind>archive</kind>
         <file>rtsv7M4_T_le_v4SPD16_eabi.lib</file>
         <name>copy_decompress_lzss.c.obj</name>
      </input_file>
      <input_file id="fl-ec">
         <path>D:\CSSstudio\ccs\tools\compiler\ti-cgt-arm_20.2.0.LTS\lib\</path>
         <kind>archive</kind>
         <file>rtsv7M4_T_le_v4SPD16_eabi.lib</file>
         <name>rand.c.obj</name>
      </input_file>
      <input_file id="fl-ed">
         <path>D:\CSSstudio\ccs\tools\compiler\ti-cgt-arm_20.2.0.LTS\lib\</path>
         <kind>archive</kind>
         <file>rtsv7M4_T_le_v4SPD16_eabi.lib</file>
         <name>boot_cortex_m.c.obj</name>
      </input_file>
      <input_file id="fl-ee">
         <path>D:\CSSstudio\ccs\tools\compiler\ti-cgt-arm_20.2.0.LTS\lib\</path>
         <kind>archive</kind>
         <file>rtsv7M4_T_le_v4SPD16_eabi.lib</file>
         <name>_printfi.c.obj</name>
      </input_file>
      <input_file id="fl-ef">
         <path>D:\CSSstudio\ccs\tools\compiler\ti-cgt-arm_20.2.0.LTS\lib\</path>
         <kind>archive</kind>
         <file>rtsv7M4_T_le_v4SPD16_eabi.lib</file>
         <name>div0.asm.obj</name>
      </input_file>
      <input_file id="fl-f0">
         <path>D:\CSSstudio\ccs\tools\compiler\ti-cgt-arm_20.2.0.LTS\lib\</path>
         <kind>archive</kind>
         <file>rtsv7M4_T_le_v4SPD16_eabi.lib</file>
         <name>fd_mul_t2.asm.obj</name>
      </input_file>
      <input_file id="fl-f1">
         <path>D:\CSSstudio\ccs\tools\compiler\ti-cgt-arm_20.2.0.LTS\lib\</path>
         <kind>archive</kind>
         <file>rtsv7M4_T_le_v4SPD16_eabi.lib</file>
         <name>autoinit.c.obj</name>
      </input_file>
      <input_file id="fl-f2">
         <path>D:\CSSstudio\ccs\tools\compiler\ti-cgt-arm_20.2.0.LTS\lib\</path>
         <kind>archive</kind>
         <file>rtsv7M4_T_le_v4SPD16_eabi.lib</file>
         <name>pre_init.c.obj</name>
      </input_file>
      <input_file id="fl-f3">
         <path>D:\CSSstudio\ccs\tools\compiler\ti-cgt-arm_20.2.0.LTS\lib\</path>
         <kind>archive</kind>
         <file>rtsv7M4_T_le_v4SPD16_eabi.lib</file>
         <name>cpy_tbl.c.obj</name>
      </input_file>
      <input_file id="fl-f4">
         <path>D:\CSSstudio\ccs\tools\compiler\ti-cgt-arm_20.2.0.LTS\lib\</path>
         <kind>archive</kind>
         <file>rtsv7M4_T_le_v4SPD16_eabi.lib</file>
         <name>exit.c.obj</name>
      </input_file>
      <input_file id="fl-f5">
         <path>D:\CSSstudio\ccs\tools\compiler\ti-cgt-arm_20.2.0.LTS\lib\</path>
         <kind>archive</kind>
         <file>rtsv7M4_T_le_v4SPD16_eabi.lib</file>
         <name>_lock.c.obj</name>
      </input_file>
      <input_file id="fl-f6">
         <path>D:\CSSstudio\ccs\tools\compiler\ti-cgt-arm_20.2.0.LTS\lib\</path>
         <kind>archive</kind>
         <file>rtsv7M4_T_le_v4SPD16_eabi.lib</file>
         <name>_ltoa.c.obj</name>
      </input_file>
      <input_file id="fl-f7">
         <path>D:\CSSstudio\ccs\tools\compiler\ti-cgt-arm_20.2.0.LTS\lib\</path>
         <kind>archive</kind>
         <file>rtsv7M4_T_le_v4SPD16_eabi.lib</file>
         <name>args_main.c.obj</name>
      </input_file>
      <input_file id="fl-f8">
         <path>D:\CSSstudio\ccs\tools\compiler\ti-cgt-arm_20.2.0.LTS\lib\</path>
         <kind>archive</kind>
         <file>rtsv7M4_T_le_v4SPD16_eabi.lib</file>
         <name>atoi.c.obj</name>
      </input_file>
      <input_file id="fl-f9">
         <path>D:\CSSstudio\ccs\tools\compiler\ti-cgt-arm_20.2.0.LTS\lib\</path>
         <kind>archive</kind>
         <file>rtsv7M4_T_le_v4SPD16_eabi.lib</file>
         <name>ctype.c.obj</name>
      </input_file>
      <input_file id="fl-fa">
         <path>D:\CSSstudio\ccs\tools\compiler\ti-cgt-arm_20.2.0.LTS\lib\</path>
         <kind>archive</kind>
         <file>rtsv7M4_T_le_v4SPD16_eabi.lib</file>
         <name>memccpy.c.obj</name>
      </input_file>
      <input_file id="fl-fb">
         <path>D:\CSSstudio\ccs\tools\compiler\ti-cgt-arm_20.2.0.LTS\lib\</path>
         <kind>archive</kind>
         <file>rtsv7M4_T_le_v4SPD16_eabi.lib</file>
         <name>strchr.c.obj</name>
      </input_file>
      <input_file id="fl-fc">
         <path>D:\CSSstudio\ccs\tools\compiler\ti-cgt-arm_20.2.0.LTS\lib\</path>
         <kind>archive</kind>
         <file>rtsv7M4_T_le_v4SPD16_eabi.lib</file>
         <name>strlen.c.obj</name>
      </input_file>
      <input_file id="fl-fd">
         <path>D:\CSSstudio\ccs\tools\compiler\ti-cgt-arm_20.2.0.LTS\lib\</path>
         <kind>archive</kind>
         <file>rtsv7M4_T_le_v4SPD16_eabi.lib</file>
         <name>errno.c.obj</name>
      </input_file>
      <input_file id="fl-fe">
         <path>D:\CSSstudio\ccs\tools\compiler\ti-cgt-arm_20.2.0.LTS\lib\</path>
         <kind>archive</kind>
         <file>rtsv7M4_T_le_v4SPD16_eabi.lib</file>
         <name>s_frexp.c.obj</name>
      </input_file>
      <input_file id="fl-ff">
         <path>D:\CSSstudio\ccs\tools\compiler\ti-cgt-arm_20.2.0.LTS\lib\</path>
         <kind>archive</kind>
         <file>rtsv7M4_T_le_v4SPD16_eabi.lib</file>
         <name>s_scalbn.c.obj</name>
      </input_file>
      <input_file id="fl-100">
         <path>D:\CSSstudio\ccs\tools\compiler\ti-cgt-arm_20.2.0.LTS\lib\</path>
         <kind>archive</kind>
         <file>rtsv7M4_T_le_v4SPD16_eabi.lib</file>
         <name>s_copysign.c.obj</name>
      </input_file>
      <input_file id="fl-101">
         <path>D:\CSSstudio\ccs\tools\compiler\ti-cgt-arm_20.2.0.LTS\lib\</path>
         <kind>archive</kind>
         <file>rtsv7M4_T_le_v4SPD16_eabi.lib</file>
         <name>wcslen.c.obj</name>
      </input_file>
   </input_file_list>
   <object_component_list>
      <object_component id="oc-26">
         <name>.intvecs:retain</name>
         <load_address>0x0</load_address>
         <run_address>0x0</run_address>
         <size>0xe4</size>
         <input_file_ref idref="fl-c"/>
      </object_component>
      <object_component id="oc-4ae">
         <name>.text:__TI_printfi</name>
         <load_address>0xe4</load_address>
         <run_address>0xe4</run_address>
         <size>0xa4e</size>
         <input_file_ref idref="fl-ee"/>
      </object_component>
      <object_component id="oc-4a6">
         <name>.text:Graphics_drawString</name>
         <load_address>0xb32</load_address>
         <run_address>0xb32</run_address>
         <size>0x47e</size>
         <input_file_ref idref="fl-1d"/>
      </object_component>
      <object_component id="oc-5cf">
         <name>.text:_pconv_a</name>
         <load_address>0xfb0</load_address>
         <run_address>0xfb0</run_address>
         <size>0x270</size>
         <input_file_ref idref="fl-ee"/>
      </object_component>
      <object_component id="oc-356">
         <name>.text:handlePlayerMovement</name>
         <load_address>0x1220</load_address>
         <run_address>0x1220</run_address>
         <size>0x244</size>
         <input_file_ref idref="fl-2"/>
      </object_component>
      <object_component id="oc-4d5">
         <name>.text:Graphics_fillCircle</name>
         <load_address>0x1464</load_address>
         <run_address>0x1464</run_address>
         <size>0x22a</size>
         <input_file_ref idref="fl-17"/>
      </object_component>
      <object_component id="oc-6d">
         <name>.text:Default_Handler</name>
         <load_address>0x168e</load_address>
         <run_address>0x168e</run_address>
         <size>0x2</size>
         <input_file_ref idref="fl-c"/>
      </object_component>
      <object_component id="oc-1e4">
         <name>.text:App_proj2_handleInstructionsScreen</name>
         <load_address>0x1690</load_address>
         <run_address>0x1690</run_address>
         <size>0x1ea</size>
         <input_file_ref idref="fl-2"/>
      </object_component>
      <object_component id="oc-447">
         <name>.text:Crystalfontz128x128_PixelDrawMultiple</name>
         <load_address>0x187a</load_address>
         <run_address>0x187a</run_address>
         <size>0x1d8</size>
         <input_file_ref idref="fl-a"/>
      </object_component>
      <object_component id="oc-38e">
         <name>.text:_nop</name>
         <load_address>0x1a52</load_address>
         <run_address>0x1a52</run_address>
         <size>0x2</size>
         <input_file_ref idref="fl-f5"/>
      </object_component>
      <object_component id="oc-5bd">
         <name>.text:_pconv_g</name>
         <load_address>0x1a54</load_address>
         <run_address>0x1a54</run_address>
         <size>0x1d0</size>
         <input_file_ref idref="fl-ee"/>
      </object_component>
      <object_component id="oc-4e9">
         <name>.text</name>
         <load_address>0x1c24</load_address>
         <run_address>0x1c24</run_address>
         <size>0x1b6</size>
         <input_file_ref idref="fl-df"/>
      </object_component>
      <object_component id="oc-479">
         <name>.text</name>
         <load_address>0x1dda</load_address>
         <run_address>0x1dda</run_address>
         <size>0x2</size>
         <input_file_ref idref="fl-ef"/>
      </object_component>
      <object_component id="oc-1f0">
         <name>.text:App_proj2_handleGameScreen</name>
         <load_address>0x1ddc</load_address>
         <run_address>0x1ddc</run_address>
         <size>0x1ac</size>
         <input_file_ref idref="fl-2"/>
      </object_component>
      <object_component id="oc-169">
         <name>.text:CS_setDCOFrequency</name>
         <load_address>0x1f88</load_address>
         <run_address>0x1f88</run_address>
         <size>0x19c</size>
         <input_file_ref idref="fl-1f"/>
      </object_component>
      <object_component id="oc-362">
         <name>.text:moveObstacles</name>
         <load_address>0x2124</load_address>
         <run_address>0x2124</run_address>
         <size>0x198</size>
         <input_file_ref idref="fl-2"/>
      </object_component>
      <object_component id="oc-51a">
         <name>.text:_getIndexForMemRegister</name>
         <load_address>0x22bc</load_address>
         <run_address>0x22bc</run_address>
         <size>0x160</size>
         <input_file_ref idref="fl-1e"/>
      </object_component>
      <object_component id="oc-203">
         <name>.text:Joystick_refresh</name>
         <load_address>0x241c</load_address>
         <run_address>0x241c</run_address>
         <size>0x14c</size>
         <input_file_ref idref="fl-7"/>
      </object_component>
      <object_component id="oc-5c9">
         <name>.text:_pconv_e</name>
         <load_address>0x2568</load_address>
         <run_address>0x2568</run_address>
         <size>0x13c</size>
         <input_file_ref idref="fl-ee"/>
      </object_component>
      <object_component id="oc-64d">
         <name>.text</name>
         <load_address>0x26a4</load_address>
         <run_address>0x26a4</run_address>
         <size>0x136</size>
         <input_file_ref idref="fl-e1"/>
      </object_component>
      <object_component id="oc-41e">
         <name>.text:Crystalfontz128x128_SetDrawFrame</name>
         <load_address>0x27dc</load_address>
         <run_address>0x27dc</run_address>
         <size>0x134</size>
         <input_file_ref idref="fl-a"/>
      </object_component>
      <object_component id="oc-16f">
         <name>.text:CS_initClockSignal</name>
         <load_address>0x2910</load_address>
         <run_address>0x2910</run_address>
         <size>0x130</size>
         <input_file_ref idref="fl-1f"/>
      </object_component>
      <object_component id="oc-2bd">
         <name>.text:Crystalfontz128x128_Init</name>
         <load_address>0x2a40</load_address>
         <run_address>0x2a40</run_address>
         <size>0x12c</size>
         <input_file_ref idref="fl-a"/>
      </object_component>
      <object_component id="oc-665">
         <name>.text:fcvt</name>
         <load_address>0x2b6c</load_address>
         <run_address>0x2b6c</run_address>
         <size>0x124</size>
         <input_file_ref idref="fl-ee"/>
      </object_component>
      <object_component id="oc-1ea">
         <name>.text:App_proj2_handleScoresScreen</name>
         <load_address>0x2c90</load_address>
         <run_address>0x2c90</run_address>
         <size>0x11e</size>
         <input_file_ref idref="fl-2"/>
      </object_component>
      <object_component id="oc-512">
         <name>.text:Graphics_fillRectangle</name>
         <load_address>0x2dae</load_address>
         <run_address>0x2dae</run_address>
         <size>0x112</size>
         <input_file_ref idref="fl-1c"/>
      </object_component>
      <object_component id="oc-679">
         <name>.text:scalbn</name>
         <load_address>0x2ec0</load_address>
         <run_address>0x2ec0</run_address>
         <size>0x110</size>
         <input_file_ref idref="fl-ff"/>
      </object_component>
      <object_component id="oc-315">
         <name>.text:App_proj2_showMenuScreen</name>
         <load_address>0x2fd0</load_address>
         <run_address>0x2fd0</run_address>
         <size>0x10a</size>
         <input_file_ref idref="fl-2"/>
      </object_component>
      <object_component id="oc-1f6">
         <name>.text:App_proj2_handleResultScreen</name>
         <load_address>0x30dc</load_address>
         <run_address>0x30dc</run_address>
         <size>0x108</size>
         <input_file_ref idref="fl-2"/>
      </object_component>
      <object_component id="oc-648">
         <name>.text</name>
         <load_address>0x31e4</load_address>
         <run_address>0x31e4</run_address>
         <size>0xfc</size>
         <input_file_ref idref="fl-f0"/>
      </object_component>
      <object_component id="oc-1fd">
         <name>.text:Button_refresh</name>
         <load_address>0x32e0</load_address>
         <run_address>0x32e0</run_address>
         <size>0xe6</size>
         <input_file_ref idref="fl-4"/>
      </object_component>
      <object_component id="oc-35c">
         <name>.text:spawnObstacle</name>
         <load_address>0x33c6</load_address>
         <run_address>0x33c6</run_address>
         <size>0xe6</size>
         <input_file_ref idref="fl-2"/>
      </object_component>
      <object_component id="oc-f2">
         <name>.text:App_proj2_loop</name>
         <load_address>0x34ac</load_address>
         <run_address>0x34ac</run_address>
         <size>0xda</size>
         <input_file_ref idref="fl-2"/>
      </object_component>
      <object_component id="oc-ec">
         <name>.text:App_proj2_construct</name>
         <load_address>0x3588</load_address>
         <run_address>0x3588</run_address>
         <size>0xc4</size>
         <input_file_ref idref="fl-2"/>
      </object_component>
      <object_component id="oc-3ec">
         <name>.text:ADC14_configureConversionMemory</name>
         <load_address>0x364c</load_address>
         <run_address>0x364c</run_address>
         <size>0xb4</size>
         <input_file_ref idref="fl-1e"/>
      </object_component>
      <object_component id="oc-3df">
         <name>.text:ADC14_configureMultiSequenceMode</name>
         <load_address>0x3700</load_address>
         <run_address>0x3700</run_address>
         <size>0xb4</size>
         <input_file_ref idref="fl-1e"/>
      </object_component>
      <object_component id="oc-5b7">
         <name>.text:_ltostr</name>
         <load_address>0x37b4</load_address>
         <run_address>0x37b4</run_address>
         <size>0xb1</size>
         <input_file_ref idref="fl-ee"/>
      </object_component>
      <object_component id="oc-559">
         <name>.text:SPI_initMaster</name>
         <load_address>0x3866</load_address>
         <run_address>0x3866</run_address>
         <size>0xb0</size>
         <input_file_ref idref="fl-23"/>
      </object_component>
      <object_component id="oc-e6">
         <name>.text:HAL_construct</name>
         <load_address>0x3916</load_address>
         <run_address>0x3916</run_address>
         <size>0x9e</size>
         <input_file_ref idref="fl-6"/>
      </object_component>
      <object_component id="oc-459">
         <name>.text:Crystalfontz128x128_RectFill</name>
         <load_address>0x39b4</load_address>
         <run_address>0x39b4</run_address>
         <size>0x9c</size>
         <input_file_ref idref="fl-a"/>
      </object_component>
      <object_component id="oc-59d">
         <name>.text:Graphics_drawLineH</name>
         <load_address>0x3a50</load_address>
         <run_address>0x3a50</run_address>
         <size>0x9c</size>
         <input_file_ref idref="fl-1b"/>
      </object_component>
      <object_component id="oc-37">
         <name>.text</name>
         <load_address>0x3aec</load_address>
         <run_address>0x3aec</run_address>
         <size>0x9c</size>
         <input_file_ref idref="fl-e5"/>
      </object_component>
      <object_component id="oc-2e5">
         <name>.text</name>
         <load_address>0x3b88</load_address>
         <run_address>0x3b88</run_address>
         <size>0x96</size>
         <input_file_ref idref="fl-e8"/>
      </object_component>
      <object_component id="oc-26e">
         <name>.text:SysCtl_A_getTLVInfo</name>
         <load_address>0x3c20</load_address>
         <run_address>0x3c20</run_address>
         <size>0x94</size>
         <input_file_ref idref="fl-25"/>
      </object_component>
      <object_component id="oc-50b">
         <name>.text:isCollision</name>
         <load_address>0x3cb4</load_address>
         <run_address>0x3cb4</run_address>
         <size>0x94</size>
         <input_file_ref idref="fl-2"/>
      </object_component>
      <object_component id="oc-368">
         <name>.text:drawObstacles</name>
         <load_address>0x3d48</load_address>
         <run_address>0x3d48</run_address>
         <size>0x8e</size>
         <input_file_ref idref="fl-2"/>
      </object_component>
      <object_component id="oc-31b">
         <name>.text:App_proj2_showSplashScreen</name>
         <load_address>0x3dd8</load_address>
         <run_address>0x3dd8</run_address>
         <size>0x89</size>
         <input_file_ref idref="fl-2"/>
      </object_component>
      <object_component id="oc-27a">
         <name>.text:CS_tuneDCOFrequency</name>
         <load_address>0x3e64</load_address>
         <run_address>0x3e64</run_address>
         <size>0x88</size>
         <input_file_ref idref="fl-1f"/>
      </object_component>
      <object_component id="oc-3f2">
         <name>.text:GPIO_setAsPeripheralModuleFunctionInputPin</name>
         <load_address>0x3eec</load_address>
         <run_address>0x3eec</run_address>
         <size>0x88</size>
         <input_file_ref idref="fl-21"/>
      </object_component>
      <object_component id="oc-552">
         <name>.text:GPIO_setAsPeripheralModuleFunctionOutputPin</name>
         <load_address>0x3f74</load_address>
         <run_address>0x3f74</run_address>
         <size>0x88</size>
         <input_file_ref idref="fl-21"/>
      </object_component>
      <object_component id="oc-4f3">
         <name>.text:__aeabi_cdcmple</name>
         <load_address>0x3ffc</load_address>
         <run_address>0x3ffc</run_address>
         <size>0x86</size>
         <input_file_ref idref="fl-e0"/>
      </object_component>
      <object_component id="oc-4ee">
         <name>.text:__aeabi_cdrcmple</name>
         <load_address>0x4082</load_address>
         <run_address>0x4082</run_address>
         <size>0x86</size>
         <input_file_ref idref="fl-e0"/>
      </object_component>
      <object_component id="oc-332">
         <name>.text:updateHighScores</name>
         <load_address>0x4108</load_address>
         <run_address>0x4108</run_address>
         <size>0x86</size>
         <input_file_ref idref="fl-2"/>
      </object_component>
      <object_component id="oc-18d">
         <name>.text:Interrupt_enableInterrupt</name>
         <load_address>0x4190</load_address>
         <run_address>0x4190</run_address>
         <size>0x80</size>
         <input_file_ref idref="fl-22"/>
      </object_component>
      <object_component id="oc-93">
         <name>.text</name>
         <load_address>0x4210</load_address>
         <run_address>0x4210</run_address>
         <size>0x7a</size>
         <input_file_ref idref="fl-e7"/>
      </object_component>
      <object_component id="oc-e0">
         <name>.text:InitSystemTiming</name>
         <load_address>0x428c</load_address>
         <run_address>0x428c</run_address>
         <size>0x78</size>
         <input_file_ref idref="fl-9"/>
      </object_component>
      <object_component id="oc-b1">
         <name>.text:SystemInit</name>
         <load_address>0x4304</load_address>
         <run_address>0x4304</run_address>
         <size>0x78</size>
         <input_file_ref idref="fl-3"/>
      </object_component>
      <object_component id="oc-65e">
         <name>.text:_mcpy</name>
         <load_address>0x437c</load_address>
         <run_address>0x437c</run_address>
         <size>0x6e</size>
         <input_file_ref idref="fl-ee"/>
      </object_component>
      <object_component id="oc-175">
         <name>.text:Timer32_initModule</name>
         <load_address>0x43ec</load_address>
         <run_address>0x43ec</run_address>
         <size>0x68</size>
         <input_file_ref idref="fl-26"/>
      </object_component>
      <object_component id="oc-17">
         <name>.text:decompress:lzss:__TI_decompress_lzss</name>
         <load_address>0x4454</load_address>
         <run_address>0x4454</run_address>
         <size>0x68</size>
         <input_file_ref idref="fl-eb"/>
      </object_component>
      <object_component id="oc-673">
         <name>.text:frexp</name>
         <load_address>0x44bc</load_address>
         <run_address>0x44bc</run_address>
         <size>0x64</size>
         <input_file_ref idref="fl-fe"/>
      </object_component>
      <object_component id="oc-44d">
         <name>.text:Crystalfontz128x128_LineDrawH</name>
         <load_address>0x4520</load_address>
         <run_address>0x4520</run_address>
         <size>0x60</size>
         <input_file_ref idref="fl-a"/>
      </object_component>
      <object_component id="oc-453">
         <name>.text:Crystalfontz128x128_LineDrawV</name>
         <load_address>0x4580</load_address>
         <run_address>0x4580</run_address>
         <size>0x60</size>
         <input_file_ref idref="fl-a"/>
      </object_component>
      <object_component id="oc-19a">
         <name>.text:Button_construct</name>
         <load_address>0x45e0</load_address>
         <run_address>0x45e0</run_address>
         <size>0x5c</size>
         <input_file_ref idref="fl-4"/>
      </object_component>
      <object_component id="oc-1a6">
         <name>.text:GFX_construct</name>
         <load_address>0x463c</load_address>
         <run_address>0x463c</run_address>
         <size>0x5c</size>
         <input_file_ref idref="fl-5"/>
      </object_component>
      <object_component id="oc-500">
         <name>.text:GFX_removeObstacle</name>
         <load_address>0x4698</load_address>
         <run_address>0x4698</run_address>
         <size>0x5a</size>
         <input_file_ref idref="fl-5"/>
      </object_component>
      <object_component id="oc-2a3">
         <name>.text:GPIO_setAsInputPinWithPullUpResistor</name>
         <load_address>0x46f4</load_address>
         <run_address>0x46f4</run_address>
         <size>0x58</size>
         <input_file_ref idref="fl-21"/>
      </object_component>
      <object_component id="oc-488">
         <name>.text:SWTimer_elapsedCycles</name>
         <load_address>0x474c</load_address>
         <run_address>0x474c</run_address>
         <size>0x58</size>
         <input_file_ref idref="fl-9"/>
      </object_component>
      <object_component id="oc-5c3">
         <name>.text:_pconv_f</name>
         <load_address>0x47a4</load_address>
         <run_address>0x47a4</run_address>
         <size>0x56</size>
         <input_file_ref idref="fl-ee"/>
      </object_component>
      <object_component id="oc-3d9">
         <name>.text:ADC14_initModule</name>
         <load_address>0x47fc</load_address>
         <run_address>0x47fc</run_address>
         <size>0x54</size>
         <input_file_ref idref="fl-1e"/>
      </object_component>
      <object_component id="oc-2c3">
         <name>.text:Crystalfontz128x128_SetOrientation</name>
         <load_address>0x4850</load_address>
         <run_address>0x4850</run_address>
         <size>0x54</size>
         <input_file_ref idref="fl-a"/>
      </object_component>
      <object_component id="oc-1ad">
         <name>.text:SWTimer_construct</name>
         <load_address>0x48a4</load_address>
         <run_address>0x48a4</run_address>
         <size>0x54</size>
         <input_file_ref idref="fl-9"/>
      </object_component>
      <object_component id="oc-652">
         <name>.text:__TI_ltoa</name>
         <load_address>0x48f8</load_address>
         <run_address>0x48f8</run_address>
         <size>0x54</size>
         <input_file_ref idref="fl-f6"/>
      </object_component>
      <object_component id="oc-2c9">
         <name>.text:Graphics_initContext</name>
         <load_address>0x494c</load_address>
         <run_address>0x494c</run_address>
         <size>0x52</size>
         <input_file_ref idref="fl-18"/>
      </object_component>
      <object_component id="oc-658">
         <name>.text:_ecpy</name>
         <load_address>0x499e</load_address>
         <run_address>0x499e</run_address>
         <size>0x52</size>
         <input_file_ref idref="fl-ee"/>
      </object_component>
      <object_component id="oc-5b1">
         <name>.text:atoi</name>
         <load_address>0x49f0</load_address>
         <run_address>0x49f0</run_address>
         <size>0x4c</size>
         <input_file_ref idref="fl-f8"/>
      </object_component>
      <object_component id="oc-1cc">
         <name>.text:App_proj2_getCursorPoint</name>
         <load_address>0x4a3c</load_address>
         <run_address>0x4a3c</run_address>
         <size>0x4a</size>
         <input_file_ref idref="fl-2"/>
      </object_component>
      <object_component id="oc-194">
         <name>.text:LED_construct</name>
         <load_address>0x4a86</load_address>
         <run_address>0x4a86</run_address>
         <size>0x4a</size>
         <input_file_ref idref="fl-8"/>
      </object_component>
      <object_component id="oc-163">
         <name>.text:FlashCtl_setWaitState</name>
         <load_address>0x4ad0</load_address>
         <run_address>0x4ad0</run_address>
         <size>0x48</size>
         <input_file_ref idref="fl-20"/>
      </object_component>
      <object_component id="oc-351">
         <name>.text</name>
         <load_address>0x4b18</load_address>
         <run_address>0x4b18</run_address>
         <size>0x48</size>
         <input_file_ref idref="fl-e2"/>
      </object_component>
      <object_component id="oc-32b">
         <name>.text:GFX_print</name>
         <load_address>0x4b60</load_address>
         <run_address>0x4b60</run_address>
         <size>0x44</size>
         <input_file_ref idref="fl-5"/>
      </object_component>
      <object_component id="oc-11a">
         <name>.text:__TI_auto_init_nobinit_nopinit:__TI_auto_init_nobinit_nopinit</name>
         <load_address>0x4ba4</load_address>
         <run_address>0x4ba4</run_address>
         <size>0x44</size>
         <input_file_ref idref="fl-f1"/>
      </object_component>
      <object_component id="oc-33f">
         <name>.text:drawLanes</name>
         <load_address>0x4be8</load_address>
         <run_address>0x4be8</run_address>
         <size>0x44</size>
         <input_file_ref idref="fl-2"/>
      </object_component>
      <object_component id="oc-441">
         <name>.text:Crystalfontz128x128_PixelDraw</name>
         <load_address>0x4c2c</load_address>
         <run_address>0x4c2c</run_address>
         <size>0x40</size>
         <input_file_ref idref="fl-a"/>
      </object_component>
      <object_component id="oc-296">
         <name>.text:GPIO_setAsOutputPin</name>
         <load_address>0x4c6c</load_address>
         <run_address>0x4c6c</run_address>
         <size>0x40</size>
         <input_file_ref idref="fl-21"/>
      </object_component>
      <object_component id="oc-597">
         <name>.text:Graphics_getNumberOfLeadingZeros</name>
         <load_address>0x4cac</load_address>
         <run_address>0x4cac</run_address>
         <size>0x40</size>
         <input_file_ref idref="fl-1d"/>
      </object_component>
      <object_component id="oc-40c">
         <name>.text:HAL_LCD_SpiInit</name>
         <load_address>0x4cec</load_address>
         <run_address>0x4cec</run_address>
         <size>0x40</size>
         <input_file_ref idref="fl-b"/>
      </object_component>
      <object_component id="oc-617">
         <name>.text:is_A_Module</name>
         <load_address>0x4d2c</load_address>
         <run_address>0x4d2c</run_address>
         <size>0x40</size>
         <input_file_ref idref="fl-23"/>
      </object_component>
      <object_component id="oc-338">
         <name>.text:sprintf</name>
         <load_address>0x4d6c</load_address>
         <run_address>0x4d6c</run_address>
         <size>0x40</size>
         <input_file_ref idref="fl-de"/>
      </object_component>
      <object_component id="oc-66b">
         <name>.text:_fcpy</name>
         <load_address>0x4dac</load_address>
         <run_address>0x4dac</run_address>
         <size>0x3e</size>
         <input_file_ref idref="fl-ee"/>
      </object_component>
      <object_component id="oc-4c7">
         <name>.text:GFX_drawLane</name>
         <load_address>0x4dea</load_address>
         <run_address>0x4dea</run_address>
         <size>0x38</size>
         <input_file_ref idref="fl-5"/>
      </object_component>
      <object_component id="oc-412">
         <name>.text:HAL_LCD_writeCommand</name>
         <load_address>0x4e24</load_address>
         <run_address>0x4e24</run_address>
         <size>0x38</size>
         <input_file_ref idref="fl-b"/>
      </object_component>
      <object_component id="oc-181">
         <name>.text:Timer32_startTimer</name>
         <load_address>0x4e5c</load_address>
         <run_address>0x4e5c</run_address>
         <size>0x38</size>
         <input_file_ref idref="fl-26"/>
      </object_component>
      <object_component id="oc-345">
         <name>.text:GFX_removeSolidCircle</name>
         <load_address>0x4e94</load_address>
         <run_address>0x4e94</run_address>
         <size>0x36</size>
         <input_file_ref idref="fl-5"/>
      </object_component>
      <object_component id="oc-635">
         <name>.text:Graphics_drawHorizontalLineOnDisplay</name>
         <load_address>0x4eca</load_address>
         <run_address>0x4eca</run_address>
         <size>0x36</size>
         <input_file_ref idref="fl-19"/>
      </object_component>
      <object_component id="oc-f8">
         <name>.text:HAL_refresh</name>
         <load_address>0x4f00</load_address>
         <run_address>0x4f00</run_address>
         <size>0x36</size>
         <input_file_ref idref="fl-6"/>
      </object_component>
      <object_component id="oc-3e5">
         <name>.text:ADC14_enableSampleTimer</name>
         <load_address>0x4f38</load_address>
         <run_address>0x4f38</run_address>
         <size>0x34</size>
         <input_file_ref idref="fl-1e"/>
      </object_component>
      <object_component id="oc-274">
         <name>.text:CS_setDCOCenteredFrequency</name>
         <load_address>0x4f6c</load_address>
         <run_address>0x4f6c</run_address>
         <size>0x34</size>
         <input_file_ref idref="fl-1f"/>
      </object_component>
      <object_component id="oc-17b">
         <name>.text:Timer32_setCount</name>
         <load_address>0x4fa0</load_address>
         <run_address>0x4fa0</run_address>
         <size>0x34</size>
         <input_file_ref idref="fl-26"/>
      </object_component>
      <object_component id="oc-55">
         <name>.text:_c_int00_noargs:_c_int00_noargs</name>
         <load_address>0x4fd4</load_address>
         <run_address>0x4fd4</run_address>
         <size>0x34</size>
         <input_file_ref idref="fl-ed"/>
      </object_component>
      <object_component id="oc-4f9">
         <name>.text:rand</name>
         <load_address>0x5008</load_address>
         <run_address>0x5008</run_address>
         <size>0x34</size>
         <input_file_ref idref="fl-ec"/>
      </object_component>
      <object_component id="oc-370">
         <name>.text:GPIO_getInputPinValue</name>
         <load_address>0x503c</load_address>
         <run_address>0x503c</run_address>
         <size>0x30</size>
         <input_file_ref idref="fl-21"/>
      </object_component>
      <object_component id="oc-406">
         <name>.text:HAL_LCD_PortInit</name>
         <load_address>0x506c</load_address>
         <run_address>0x506c</run_address>
         <size>0x30</size>
         <input_file_ref idref="fl-b"/>
      </object_component>
      <object_component id="oc-2b0">
         <name>.text:initJoyStick</name>
         <load_address>0x509c</load_address>
         <run_address>0x509c</run_address>
         <size>0x30</size>
         <input_file_ref idref="fl-7"/>
      </object_component>
      <object_component id="oc-9f">
         <name>.text:main</name>
         <load_address>0x50cc</load_address>
         <run_address>0x50cc</run_address>
         <size>0x30</size>
         <input_file_ref idref="fl-2"/>
      </object_component>
      <object_component id="oc-506">
         <name>.text</name>
         <load_address>0x50fc</load_address>
         <run_address>0x50fc</run_address>
         <size>0x2e</size>
         <input_file_ref idref="fl-e3"/>
      </object_component>
      <object_component id="oc-3ff">
         <name>.text:ADC14_toggleConversionTrigger</name>
         <load_address>0x512c</load_address>
         <run_address>0x512c</run_address>
         <size>0x2c</size>
         <input_file_ref idref="fl-1e"/>
      </object_component>
      <object_component id="oc-1d2">
         <name>.text:App_proj2_handleTitleScreen</name>
         <load_address>0x5158</load_address>
         <run_address>0x5158</run_address>
         <size>0x2c</size>
         <input_file_ref idref="fl-2"/>
      </object_component>
      <object_component id="oc-46b">
         <name>.text:Crystalfontz128x128_ClearScreen</name>
         <load_address>0x5184</load_address>
         <run_address>0x5184</run_address>
         <size>0x2c</size>
         <input_file_ref idref="fl-a"/>
      </object_component>
      <object_component id="oc-5a3">
         <name>.text:Graphics_drawPixelOnDisplay</name>
         <load_address>0x51b0</load_address>
         <run_address>0x51b0</run_address>
         <size>0x2c</size>
         <input_file_ref idref="fl-19"/>
      </object_component>
      <object_component id="oc-418">
         <name>.text:HAL_LCD_writeData</name>
         <load_address>0x51dc</load_address>
         <run_address>0x51dc</run_address>
         <size>0x2c</size>
         <input_file_ref idref="fl-b"/>
      </object_component>
      <object_component id="oc-2d5">
         <name>.text:GFX_resetColors</name>
         <load_address>0x5208</load_address>
         <run_address>0x5208</run_address>
         <size>0x2a</size>
         <input_file_ref idref="fl-5"/>
      </object_component>
      <object_component id="oc-30f">
         <name>.text:SWTimer_expired</name>
         <load_address>0x5232</load_address>
         <run_address>0x5232</run_address>
         <size>0x2a</size>
         <input_file_ref idref="fl-9"/>
      </object_component>
      <object_component id="oc-3f9">
         <name>.text:ADC14_enableConversion</name>
         <load_address>0x525c</load_address>
         <run_address>0x525c</run_address>
         <size>0x28</size>
         <input_file_ref idref="fl-1e"/>
      </object_component>
      <object_component id="oc-377">
         <name>.text:ADC14_getResult</name>
         <load_address>0x5284</load_address>
         <run_address>0x5284</run_address>
         <size>0x28</size>
         <input_file_ref idref="fl-1e"/>
      </object_component>
      <object_component id="oc-45f">
         <name>.text:Crystalfontz128x128_ColorTranslate</name>
         <load_address>0x52ac</load_address>
         <run_address>0x52ac</run_address>
         <size>0x28</size>
         <input_file_ref idref="fl-a"/>
      </object_component>
      <object_component id="oc-2f9">
         <name>.text:GPIO_setOutputHighOnPin</name>
         <load_address>0x52d4</load_address>
         <run_address>0x52d4</run_address>
         <size>0x28</size>
         <input_file_ref idref="fl-21"/>
      </object_component>
      <object_component id="oc-29c">
         <name>.text:GPIO_setOutputLowOnPin</name>
         <load_address>0x52fc</load_address>
         <run_address>0x52fc</run_address>
         <size>0x28</size>
         <input_file_ref idref="fl-21"/>
      </object_component>
      <object_component id="oc-1c6">
         <name>.text:LED_turnOff</name>
         <load_address>0x5324</load_address>
         <run_address>0x5324</run_address>
         <size>0x28</size>
         <input_file_ref idref="fl-8"/>
      </object_component>
      <object_component id="oc-1c0">
         <name>.text:LED_turnOn</name>
         <load_address>0x534c</load_address>
         <run_address>0x534c</run_address>
         <size>0x28</size>
         <input_file_ref idref="fl-8"/>
      </object_component>
      <object_component id="oc-73">
         <name>.text:T32_INT1_IRQHandler</name>
         <load_address>0x5374</load_address>
         <run_address>0x5374</run_address>
         <size>0x28</size>
         <input_file_ref idref="fl-9"/>
      </object_component>
      <object_component id="oc-2aa">
         <name>.text:initADC</name>
         <load_address>0x539c</load_address>
         <run_address>0x539c</run_address>
         <size>0x26</size>
         <input_file_ref idref="fl-7"/>
      </object_component>
      <object_component id="oc-1b3">
         <name>.text:SWTimer_start</name>
         <load_address>0x53c4</load_address>
         <run_address>0x53c4</run_address>
         <size>0x24</size>
         <input_file_ref idref="fl-9"/>
      </object_component>
      <object_component id="oc-da">
         <name>.text:WDT_A_holdTimer</name>
         <load_address>0x53e8</load_address>
         <run_address>0x53e8</run_address>
         <size>0x24</size>
         <input_file_ref idref="fl-27"/>
      </object_component>
      <object_component id="oc-4e3">
         <name>.text:Joystick_isPressedtoLeft</name>
         <load_address>0x540c</load_address>
         <run_address>0x540c</run_address>
         <size>0x20</size>
         <input_file_ref idref="fl-7"/>
      </object_component>
      <object_component id="oc-4dd">
         <name>.text:Joystick_isPressedtoRight</name>
         <load_address>0x542c</load_address>
         <run_address>0x542c</run_address>
         <size>0x20</size>
         <input_file_ref idref="fl-7"/>
      </object_component>
      <object_component id="oc-34b">
         <name>.text:GFX_drawSolidCircle</name>
         <load_address>0x544c</load_address>
         <run_address>0x544c</run_address>
         <size>0x1e</size>
         <input_file_ref idref="fl-5"/>
      </object_component>
      <object_component id="oc-606">
         <name>.text:Graphics_fillRectangleOnDisplay</name>
         <load_address>0x546a</load_address>
         <run_address>0x546a</run_address>
         <size>0x1e</size>
         <input_file_ref idref="fl-19"/>
      </object_component>
      <object_component id="oc-1a0">
         <name>.text:Joystick_construct</name>
         <load_address>0x5488</load_address>
         <run_address>0x5488</run_address>
         <size>0x1c</size>
         <input_file_ref idref="fl-7"/>
      </object_component>
      <object_component id="oc-55f">
         <name>.text:SPI_enableModule</name>
         <load_address>0x54a4</load_address>
         <run_address>0x54a4</run_address>
         <size>0x1c</size>
         <input_file_ref idref="fl-23"/>
      </object_component>
      <object_component id="oc-43">
         <name>.text:decompress:ZI:__TI_zero_init_nomemset:__TI_zero_init_nomemset</name>
         <load_address>0x54c0</load_address>
         <run_address>0x54c0</run_address>
         <size>0x1c</size>
         <input_file_ref idref="fl-e9"/>
      </object_component>
      <object_component id="oc-5d5">
         <name>.text:memccpy</name>
         <load_address>0x54dc</load_address>
         <run_address>0x54dc</run_address>
         <size>0x1c</size>
         <input_file_ref idref="fl-fa"/>
      </object_component>
      <object_component id="oc-1ba">
         <name>.text:Button_isPressed</name>
         <load_address>0x54f8</load_address>
         <run_address>0x54f8</run_address>
         <size>0x1a</size>
         <input_file_ref idref="fl-4"/>
      </object_component>
      <object_component id="oc-491">
         <name>.text:Graphics_clearDisplayOnDisplay</name>
         <load_address>0x5512</load_address>
         <run_address>0x5512</run_address>
         <size>0x1a</size>
         <input_file_ref idref="fl-19"/>
      </object_component>
      <object_component id="oc-438">
         <name>.text:Graphics_setBackgroundColor</name>
         <load_address>0x552c</load_address>
         <run_address>0x552c</run_address>
         <size>0x1a</size>
         <input_file_ref idref="fl-18"/>
      </object_component>
      <object_component id="oc-2cf">
         <name>.text:Graphics_setFont</name>
         <load_address>0x5546</load_address>
         <run_address>0x5546</run_address>
         <size>0x1a</size>
         <input_file_ref idref="fl-18"/>
      </object_component>
      <object_component id="oc-6cf">
         <name>.text:copysign</name>
         <load_address>0x5560</load_address>
         <run_address>0x5560</run_address>
         <size>0x1a</size>
         <input_file_ref idref="fl-100"/>
      </object_component>
      <object_component id="oc-4b4">
         <name>.text:_outs</name>
         <load_address>0x557a</load_address>
         <run_address>0x557a</run_address>
         <size>0x18</size>
         <input_file_ref idref="fl-de"/>
      </object_component>
      <object_component id="oc-2ea">
         <name>.text</name>
         <load_address>0x5592</load_address>
         <run_address>0x5592</run_address>
         <size>0x18</size>
         <input_file_ref idref="fl-e4"/>
      </object_component>
      <object_component id="oc-61f">
         <name>.text:EUSCI_A_SPI_enable</name>
         <load_address>0x55aa</load_address>
         <run_address>0x55aa</run_address>
         <size>0x16</size>
         <input_file_ref idref="fl-23"/>
      </object_component>
      <object_component id="oc-625">
         <name>.text:EUSCI_B_SPI_enable</name>
         <load_address>0x55c0</load_address>
         <run_address>0x55c0</run_address>
         <size>0x16</size>
         <input_file_ref idref="fl-23"/>
      </object_component>
      <object_component id="oc-4ce">
         <name>.text:GFX_setForeground</name>
         <load_address>0x55d6</load_address>
         <run_address>0x55d6</run_address>
         <size>0x16</size>
         <input_file_ref idref="fl-5"/>
      </object_component>
      <object_component id="oc-432">
         <name>.text:Graphics_setForegroundColor</name>
         <load_address>0x55ec</load_address>
         <run_address>0x55ec</run_address>
         <size>0x16</size>
         <input_file_ref idref="fl-18"/>
      </object_component>
      <object_component id="oc-57a">
         <name>.text:Graphics_translateColorOnDisplay</name>
         <load_address>0x5602</load_address>
         <run_address>0x5602</run_address>
         <size>0x16</size>
         <input_file_ref idref="fl-19"/>
      </object_component>
      <object_component id="oc-67f">
         <name>.text:strchr</name>
         <load_address>0x5618</load_address>
         <run_address>0x5618</run_address>
         <size>0x16</size>
         <input_file_ref idref="fl-fb"/>
      </object_component>
      <object_component id="oc-b9">
         <name>.text:Timer32_clearInterruptFlag</name>
         <load_address>0x562e</load_address>
         <run_address>0x562e</run_address>
         <size>0x14</size>
         <input_file_ref idref="fl-26"/>
      </object_component>
      <object_component id="oc-5ab">
         <name>.text:strlen</name>
         <load_address>0x5642</load_address>
         <run_address>0x5642</run_address>
         <size>0x14</size>
         <input_file_ref idref="fl-fc"/>
      </object_component>
      <object_component id="oc-323">
         <name>.text:Graphics_clearDisplay</name>
         <load_address>0x5656</load_address>
         <run_address>0x5656</run_address>
         <size>0x12</size>
         <input_file_ref idref="fl-18"/>
      </object_component>
      <object_component id="oc-5db">
         <name>.text:wcslen</name>
         <load_address>0x5668</load_address>
         <run_address>0x5668</run_address>
         <size>0x12</size>
         <input_file_ref idref="fl-101"/>
      </object_component>
      <object_component id="oc-545">
         <name>.text:ADCIsConversionRunning</name>
         <load_address>0x567c</load_address>
         <run_address>0x567c</run_address>
         <size>0x10</size>
         <input_file_ref idref="fl-1e"/>
      </object_component>
      <object_component id="oc-15d">
         <name>.text:Interrupt_disableMaster</name>
         <load_address>0x568c</load_address>
         <run_address>0x568c</run_address>
         <size>0x10</size>
         <input_file_ref idref="fl-22"/>
      </object_component>
      <object_component id="oc-187">
         <name>.text:Interrupt_enableMaster</name>
         <load_address>0x569c</load_address>
         <run_address>0x569c</run_address>
         <size>0x10</size>
         <input_file_ref idref="fl-22"/>
      </object_component>
      <object_component id="oc-1d8">
         <name>.text:Button_isTapped</name>
         <load_address>0x56ac</load_address>
         <run_address>0x56ac</run_address>
         <size>0xe</size>
         <input_file_ref idref="fl-4"/>
      </object_component>
      <object_component id="oc-49a">
         <name>.text:Graphics_getFontHeight</name>
         <load_address>0x56ba</load_address>
         <run_address>0x56ba</run_address>
         <size>0xe</size>
         <input_file_ref idref="fl-18"/>
      </object_component>
      <object_component id="oc-4a0">
         <name>.text:Graphics_getFontMaxWidth</name>
         <load_address>0x56c8</load_address>
         <run_address>0x56c8</run_address>
         <size>0xe</size>
         <input_file_ref idref="fl-18"/>
      </object_component>
      <object_component id="oc-302">
         <name>.text:Joystick_isTappedtoBottom</name>
         <load_address>0x56d6</load_address>
         <run_address>0x56d6</run_address>
         <size>0xe</size>
         <input_file_ref idref="fl-7"/>
      </object_component>
      <object_component id="oc-308">
         <name>.text:Joystick_isTappedtoTop</name>
         <load_address>0x56e4</load_address>
         <run_address>0x56e4</run_address>
         <size>0xe</size>
         <input_file_ref idref="fl-7"/>
      </object_component>
      <object_component id="oc-2f0">
         <name>.text:Timer32_getValue</name>
         <load_address>0x56f2</load_address>
         <run_address>0x56f2</run_address>
         <size>0xe</size>
         <input_file_ref idref="fl-26"/>
      </object_component>
      <object_component id="oc-1d">
         <name>.text:decompress:none:__TI_decompress_none</name>
         <load_address>0x5700</load_address>
         <run_address>0x5700</run_address>
         <size>0xe</size>
         <input_file_ref idref="fl-ea"/>
      </object_component>
      <object_component id="oc-3d3">
         <name>.text:ADC14_enableModule</name>
         <load_address>0x5710</load_address>
         <run_address>0x5710</run_address>
         <size>0xc</size>
         <input_file_ref idref="fl-1e"/>
      </object_component>
      <object_component id="oc-266">
         <name>.text:CPU_cpsid</name>
         <load_address>0x571c</load_address>
         <run_address>0x571c</run_address>
         <size>0xc</size>
         <input_file_ref idref="fl-28"/>
      </object_component>
      <object_component id="oc-28b">
         <name>.text:CPU_cpsie</name>
         <load_address>0x5728</load_address>
         <run_address>0x5728</run_address>
         <size>0xc</size>
         <input_file_ref idref="fl-28"/>
      </object_component>
      <object_component id="oc-1de">
         <name>.text:GFX_clear</name>
         <load_address>0x5734</load_address>
         <run_address>0x5734</run_address>
         <size>0xc</size>
         <input_file_ref idref="fl-5"/>
      </object_component>
      <object_component id="oc-67">
         <name>.text:Reset_Handler</name>
         <load_address>0x5740</load_address>
         <run_address>0x5740</run_address>
         <size>0xc</size>
         <input_file_ref idref="fl-c"/>
      </object_component>
      <object_component id="oc-2b6">
         <name>.text:startADC</name>
         <load_address>0x574c</load_address>
         <run_address>0x574c</run_address>
         <size>0xc</size>
         <input_file_ref idref="fl-7"/>
      </object_component>
      <object_component id="oc-465">
         <name>.text:Crystalfontz128x128_Flush</name>
         <load_address>0x5758</load_address>
         <run_address>0x5758</run_address>
         <size>0xa</size>
         <input_file_ref idref="fl-a"/>
      </object_component>
      <object_component id="oc-4ba">
         <name>.text:_outc</name>
         <load_address>0x5762</load_address>
         <run_address>0x5762</run_address>
         <size>0xa</size>
         <input_file_ref idref="fl-de"/>
      </object_component>
      <object_component id="oc-5e1">
         <name>.text:__aeabi_errno_addr</name>
         <load_address>0x576c</load_address>
         <run_address>0x576c</run_address>
         <size>0x8</size>
         <input_file_ref idref="fl-fd"/>
      </object_component>
      <object_component id="oc-99">
         <name>.text:_system_pre_init</name>
         <load_address>0x5774</load_address>
         <run_address>0x5774</run_address>
         <size>0x4</size>
         <input_file_ref idref="fl-f2"/>
      </object_component>
      <object_component id="oc-10e">
         <name>.text:abort:abort</name>
         <load_address>0x5778</load_address>
         <run_address>0x5778</run_address>
         <size>0x4</size>
         <input_file_ref idref="fl-f4"/>
      </object_component>
      <object_component id="oc-473">
         <name>.const:.string:g_pucFontFixed6x8Data</name>
         <load_address>0x577c</load_address>
         <run_address>0x577c</run_address>
         <size>0x2f8</size>
         <input_file_ref idref="fl-1a"/>
      </object_component>
      <object_component id="oc-642">
         <name>.const:.string:_ctypes_</name>
         <load_address>0x5a74</load_address>
         <run_address>0x5a74</run_address>
         <size>0x101</size>
         <input_file_ref idref="fl-f9"/>
      </object_component>
      <object_component id="oc-2e1">
         <name>.const:g_sFontFixed6x8</name>
         <load_address>0x5b78</load_address>
         <run_address>0x5b78</run_address>
         <size>0xc8</size>
         <input_file_ref idref="fl-1a"/>
      </object_component>
      <object_component id="oc-520">
         <name>.const:_ctlRegs</name>
         <load_address>0x5c40</load_address>
         <run_address>0x5c40</run_address>
         <size>0x80</size>
         <input_file_ref idref="fl-1e"/>
      </object_component>
      <object_component id="oc-3cd">
         <name>.const:GPIO_PORT_TO_BASE</name>
         <load_address>0x5cc0</load_address>
         <run_address>0x5cc0</run_address>
         <size>0x30</size>
         <input_file_ref idref="fl-21"/>
      </object_component>
      <object_component id="oc-2de">
         <name>.const:g_sCrystalfontz128x128_funcs</name>
         <load_address>0x5cf0</load_address>
         <run_address>0x5cf0</run_address>
         <size>0x20</size>
         <input_file_ref idref="fl-a"/>
      </object_component>
      <object_component id="oc-565">
         <name>.const:$P$T0$1</name>
         <load_address>0x5d10</load_address>
         <run_address>0x5d10</run_address>
         <size>0x1c</size>
         <input_file_ref idref="fl-b"/>
      </object_component>
      <object_component id="oc-589">
         <name>.const:$P$T0$1</name>
         <load_address>0x5d2c</load_address>
         <run_address>0x5d2c</run_address>
         <size>0x8</size>
         <input_file_ref idref="fl-a"/>
      </object_component>
      <object_component id="oc-292">
         <name>.const:g_pulEnRegs</name>
         <load_address>0x5d34</load_address>
         <run_address>0x5d34</run_address>
         <size>0x8</size>
         <input_file_ref idref="fl-22"/>
      </object_component>
      <object_component id="oc-72c">
         <name>.cinit..data.load</name>
         <load_address>0x5d40</load_address>
         <run_address>0x5d40</run_address>
         <size>0x1b</size>
      </object_component>
      <object_component id="oc-72a">
         <name>__TI_handler_table</name>
         <load_address>0x5d5c</load_address>
         <run_address>0x5d5c</run_address>
         <size>0xc</size>
      </object_component>
      <object_component id="oc-72d">
         <name>.cinit..bss.load</name>
         <load_address>0x5d68</load_address>
         <run_address>0x5d68</run_address>
         <size>0x8</size>
      </object_component>
      <object_component id="oc-72b">
         <name>__TI_cinit_table</name>
         <load_address>0x5d70</load_address>
         <run_address>0x5d70</run_address>
         <size>0x10</size>
      </object_component>
      <object_component id="oc-6fe">
         <name>.binit</name>
         <load_address>0x0</load_address>
         <run_address>0x0</run_address>
         <size>0x0</size>
      </object_component>
      <object_component id="oc-37d">
         <name>.data</name>
         <load_address>0x20000020</load_address>
         <run_address>0x20000020</run_address>
         <size>0x4</size>
         <input_file_ref idref="fl-7"/>
      </object_component>
      <object_component id="oc-bf">
         <name>.data</name>
         <load_address>0x20000018</load_address>
         <run_address>0x20000018</run_address>
         <size>0x8</size>
         <input_file_ref idref="fl-9"/>
      </object_component>
      <object_component id="oc-2db">
         <name>.data:g_sCrystalfontz128x128</name>
         <load_address>0x20000000</load_address>
         <run_address>0x20000000</run_address>
         <size>0x10</size>
         <input_file_ref idref="fl-a"/>
      </object_component>
      <object_component id="oc-5ff">
         <name>.data</name>
         <load_address>0x20000028</load_address>
         <run_address>0x20000028</run_address>
         <size>0x4</size>
         <input_file_ref idref="fl-ec"/>
      </object_component>
      <object_component id="oc-228">
         <name>.data:$O1$$</name>
         <load_address>0x20000010</load_address>
         <run_address>0x20000010</run_address>
         <size>0x8</size>
         <input_file_ref idref="fl-f5"/>
      </object_component>
      <object_component id="oc-68f">
         <name>.data</name>
         <load_address>0x20000024</load_address>
         <run_address>0x20000024</run_address>
         <size>0x4</size>
         <input_file_ref idref="fl-fd"/>
      </object_component>
      <object_component id="oc-42d">
         <name>.common:Lcd_Orientation</name>
         <uninitialized>true</uninitialized>
         <run_address>0x20000034</run_address>
         <size>0x1</size>
      </object_component>
      <object_component id="oc-424">
         <name>.common:Lcd_ScreenWidth</name>
         <uninitialized>true</uninitialized>
         <run_address>0x2000002e</run_address>
         <size>0x2</size>
      </object_component>
      <object_component id="oc-427">
         <name>.common:Lcd_ScreenHeigth</name>
         <uninitialized>true</uninitialized>
         <run_address>0x2000002c</run_address>
         <size>0x2</size>
      </object_component>
      <object_component id="oc-428">
         <name>.common:Lcd_PenSolid</name>
         <uninitialized>true</uninitialized>
         <run_address>0x20000035</run_address>
         <size>0x1</size>
      </object_component>
      <object_component id="oc-429">
         <name>.common:Lcd_FontSolid</name>
         <uninitialized>true</uninitialized>
         <run_address>0x20000033</run_address>
         <size>0x1</size>
      </object_component>
      <object_component id="oc-42a">
         <name>.common:Lcd_FlagRead</name>
         <uninitialized>true</uninitialized>
         <run_address>0x20000032</run_address>
         <size>0x1</size>
      </object_component>
      <object_component id="oc-42b">
         <name>.common:Lcd_TouchTrim</name>
         <uninitialized>true</uninitialized>
         <run_address>0x20000030</run_address>
         <size>0x2</size>
      </object_component>
      <object_component id="oc-29">
         <name>.stack</name>
         <uninitialized>true</uninitialized>
         <run_address>0x2000fe00</run_address>
         <size>0x4</size>
         <input_file_ref idref="fl-ed"/>
      </object_component>
      <object_component id="oc-72f">
         <name>.stack</name>
         <uninitialized>true</uninitialized>
         <run_address>0x2000fe00</run_address>
         <size>0x0</size>
      </object_component>
      <object_component id="oc-15b">
         <name>.debug_info</name>
         <load_address>0x0</load_address>
         <run_address>0x0</run_address>
         <size>0xc7e</size>
         <input_file_ref idref="fl-2"/>
      </object_component>
      <object_component id="oc-a0">
         <name>.debug_info</name>
         <load_address>0xc7e</load_address>
         <run_address>0xc7e</run_address>
         <size>0x1d9</size>
         <input_file_ref idref="fl-2"/>
      </object_component>
      <object_component id="oc-ed">
         <name>.debug_info</name>
         <load_address>0xe57</load_address>
         <run_address>0xe57</run_address>
         <size>0x254</size>
         <input_file_ref idref="fl-2"/>
      </object_component>
      <object_component id="oc-f4">
         <name>.debug_info</name>
         <load_address>0x10ab</load_address>
         <run_address>0x10ab</run_address>
         <size>0x2ea</size>
         <input_file_ref idref="fl-2"/>
      </object_component>
      <object_component id="oc-1d3">
         <name>.debug_info</name>
         <load_address>0x1395</load_address>
         <run_address>0x1395</run_address>
         <size>0x209</size>
         <input_file_ref idref="fl-2"/>
      </object_component>
      <object_component id="oc-1cd">
         <name>.debug_info</name>
         <load_address>0x159e</load_address>
         <run_address>0x159e</run_address>
         <size>0x1ea</size>
         <input_file_ref idref="fl-2"/>
      </object_component>
      <object_component id="oc-316">
         <name>.debug_info</name>
         <load_address>0x1788</load_address>
         <run_address>0x1788</run_address>
         <size>0x264</size>
         <input_file_ref idref="fl-2"/>
      </object_component>
      <object_component id="oc-31d">
         <name>.debug_info</name>
         <load_address>0x19ec</load_address>
         <run_address>0x19ec</run_address>
         <size>0x23e</size>
         <input_file_ref idref="fl-2"/>
      </object_component>
      <object_component id="oc-1e5">
         <name>.debug_info</name>
         <load_address>0x1c2a</load_address>
         <run_address>0x1c2a</run_address>
         <size>0x2fe</size>
         <input_file_ref idref="fl-2"/>
      </object_component>
      <object_component id="oc-1eb">
         <name>.debug_info</name>
         <load_address>0x1f28</load_address>
         <run_address>0x1f28</run_address>
         <size>0x2de</size>
         <input_file_ref idref="fl-2"/>
      </object_component>
      <object_component id="oc-340">
         <name>.debug_info</name>
         <load_address>0x2206</load_address>
         <run_address>0x2206</run_address>
         <size>0x1f3</size>
         <input_file_ref idref="fl-2"/>
      </object_component>
      <object_component id="oc-357">
         <name>.debug_info</name>
         <load_address>0x23f9</load_address>
         <run_address>0x23f9</run_address>
         <size>0x3bd</size>
         <input_file_ref idref="fl-2"/>
      </object_component>
      <object_component id="oc-1f1">
         <name>.debug_info</name>
         <load_address>0x27b6</load_address>
         <run_address>0x27b6</run_address>
         <size>0x3d6</size>
         <input_file_ref idref="fl-2"/>
      </object_component>
      <object_component id="oc-35d">
         <name>.debug_info</name>
         <load_address>0x2b8c</load_address>
         <run_address>0x2b8c</run_address>
         <size>0x29e</size>
         <input_file_ref idref="fl-2"/>
      </object_component>
      <object_component id="oc-363">
         <name>.debug_info</name>
         <load_address>0x2e2a</load_address>
         <run_address>0x2e2a</run_address>
         <size>0x259</size>
         <input_file_ref idref="fl-2"/>
      </object_component>
      <object_component id="oc-369">
         <name>.debug_info</name>
         <load_address>0x3083</load_address>
         <run_address>0x3083</run_address>
         <size>0x279</size>
         <input_file_ref idref="fl-2"/>
      </object_component>
      <object_component id="oc-50c">
         <name>.debug_info</name>
         <load_address>0x32fc</load_address>
         <run_address>0x32fc</run_address>
         <size>0x221</size>
         <input_file_ref idref="fl-2"/>
      </object_component>
      <object_component id="oc-1f7">
         <name>.debug_info</name>
         <load_address>0x351d</load_address>
         <run_address>0x351d</run_address>
         <size>0x29b</size>
         <input_file_ref idref="fl-2"/>
      </object_component>
      <object_component id="oc-333">
         <name>.debug_info</name>
         <load_address>0x37b8</load_address>
         <run_address>0x37b8</run_address>
         <size>0x179</size>
         <input_file_ref idref="fl-2"/>
      </object_component>
      <object_component id="oc-104">
         <name>.debug_info</name>
         <load_address>0x3931</load_address>
         <run_address>0x3931</run_address>
         <size>0x3fe</size>
         <input_file_ref idref="fl-2"/>
      </object_component>
      <object_component id="oc-c5">
         <name>.debug_info</name>
         <load_address>0x3d2f</load_address>
         <run_address>0x3d2f</run_address>
         <size>0x26b</size>
         <input_file_ref idref="fl-2"/>
      </object_component>
      <object_component id="oc-250">
         <name>.debug_info</name>
         <load_address>0x3f9a</load_address>
         <run_address>0x3f9a</run_address>
         <size>0x1028</size>
         <input_file_ref idref="fl-2"/>
      </object_component>
      <object_component id="oc-24b">
         <name>.debug_info</name>
         <load_address>0x4fc2</load_address>
         <run_address>0x4fc2</run_address>
         <size>0x37e2</size>
         <input_file_ref idref="fl-2"/>
      </object_component>
      <object_component id="oc-25c">
         <name>.debug_info</name>
         <load_address>0x87a4</load_address>
         <run_address>0x87a4</run_address>
         <size>0x439</size>
         <input_file_ref idref="fl-2"/>
      </object_component>
      <object_component id="oc-215">
         <name>.debug_info</name>
         <load_address>0x8bdd</load_address>
         <run_address>0x8bdd</run_address>
         <size>0xf1</size>
         <input_file_ref idref="fl-2"/>
      </object_component>
      <object_component id="oc-21f">
         <name>.debug_info</name>
         <load_address>0x8cce</load_address>
         <run_address>0x8cce</run_address>
         <size>0x9e</size>
         <input_file_ref idref="fl-2"/>
      </object_component>
      <object_component id="oc-109">
         <name>.debug_info</name>
         <load_address>0x8d6c</load_address>
         <run_address>0x8d6c</run_address>
         <size>0x143</size>
         <input_file_ref idref="fl-2"/>
      </object_component>
      <object_component id="oc-21a">
         <name>.debug_info</name>
         <load_address>0x8eaf</load_address>
         <run_address>0x8eaf</run_address>
         <size>0xb2</size>
         <input_file_ref idref="fl-2"/>
      </object_component>
      <object_component id="oc-210">
         <name>.debug_info</name>
         <load_address>0x8f61</load_address>
         <run_address>0x8f61</run_address>
         <size>0x76</size>
         <input_file_ref idref="fl-2"/>
      </object_component>
      <object_component id="oc-20b">
         <name>.debug_info</name>
         <load_address>0x8fd7</load_address>
         <run_address>0x8fd7</run_address>
         <size>0x76</size>
         <input_file_ref idref="fl-2"/>
      </object_component>
      <object_component id="oc-ff">
         <name>.debug_info</name>
         <load_address>0x904d</load_address>
         <run_address>0x904d</run_address>
         <size>0x8b</size>
         <input_file_ref idref="fl-2"/>
      </object_component>
      <object_component id="oc-156">
         <name>.debug_info</name>
         <load_address>0x90d8</load_address>
         <run_address>0x90d8</run_address>
         <size>0x2a4</size>
         <input_file_ref idref="fl-2"/>
      </object_component>
      <object_component id="oc-387">
         <name>.debug_info</name>
         <load_address>0x937c</load_address>
         <run_address>0x937c</run_address>
         <size>0xef</size>
         <input_file_ref idref="fl-2"/>
      </object_component>
      <object_component id="oc-255">
         <name>.debug_info</name>
         <load_address>0x946b</load_address>
         <run_address>0x946b</run_address>
         <size>0xbb</size>
         <input_file_ref idref="fl-2"/>
      </object_component>
      <object_component id="oc-261">
         <name>.debug_info</name>
         <load_address>0x9526</load_address>
         <run_address>0x9526</run_address>
         <size>0xcc</size>
         <input_file_ref idref="fl-2"/>
      </object_component>
      <object_component id="oc-4c2">
         <name>.debug_info</name>
         <load_address>0x95f2</load_address>
         <run_address>0x95f2</run_address>
         <size>0x2c</size>
         <input_file_ref idref="fl-2"/>
      </object_component>
      <object_component id="oc-569">
         <name>.debug_info</name>
         <load_address>0x961e</load_address>
[...]
         <object_component_ref idref="oc-169"/>
      </symbol>
      <symbol id="sm-6d0">
         <name>CS_setDCOCenteredFrequency</name>
         <value>0x4f6d</value>
         <object_component_ref idref="oc-274"/>
      </symbol>
      <symbol id="sm-6d1">
         <name>CS_tuneDCOFrequency</name>
         <value>0x3e65</value>
         <object_component_ref idref="oc-27a"/>
      </symbol>
      <symbol id="sm-6d2">
         <name>CS_initClockSignal</name>
         <value>0x2911</value>
         <object_component_ref idref="oc-16f"/>
      </symbol>
      <symbol id="sm-6e1">
         <name>FlashCtl_setWaitState</name>
         <value>0x4ad1</value>
         <object_component_ref idref="oc-163"/>
      </symbol>
      <symbol id="sm-73f">
         <name>GPIO_setOutputHighOnPin</name>
         <value>0x52d5</value>
         <object_component_ref idref="oc-2f9"/>
      </symbol>
      <symbol id="sm-740">
         <name>GPIO_setAsInputPinWithPullUpResistor</name>
         <value>0x46f5</value>
         <object_component_ref idref="oc-2a3"/>
      </symbol>
      <symbol id="sm-741">
         <name>GPIO_setAsOutputPin</name>
         <value>0x4c6d</value>
         <object_component_ref idref="oc-296"/>
      </symbol>
      <symbol id="sm-742">
         <name>GPIO_setOutputLowOnPin</name>
         <value>0x52fd</value>
         <object_component_ref idref="oc-29c"/>
      </symbol>
      <symbol id="sm-743">
         <name>GPIO_setAsPeripheralModuleFunctionOutputPin</name>
         <value>0x3f75</value>
         <object_component_ref idref="oc-552"/>
      </symbol>
      <symbol id="sm-744">
         <name>GPIO_getInputPinValue</name>
         <value>0x503d</value>
         <object_component_ref idref="oc-370"/>
      </symbol>
      <symbol id="sm-745">
         <name>GPIO_setAsPeripheralModuleFunctionInputPin</name>
         <value>0x3eed</value>
         <object_component_ref idref="oc-3f2"/>
      </symbol>
      <symbol id="sm-774">
         <name>Interrupt_disableMaster</name>
         <value>0x568d</value>
         <object_component_ref idref="oc-15d"/>
      </symbol>
      <symbol id="sm-775">
         <name>Interrupt_enableMaster</name>
         <value>0x569d</value>
         <object_component_ref idref="oc-187"/>
      </symbol>
      <symbol id="sm-776">
         <name>Interrupt_enableInterrupt</name>
         <value>0x4191</value>
         <object_component_ref idref="oc-18d"/>
      </symbol>
      <symbol id="sm-7b5">
         <name>EUSCI_B_SPI_enable</name>
         <value>0x55c1</value>
         <object_component_ref idref="oc-625"/>
      </symbol>
      <symbol id="sm-7b6">
         <name>SPI_enableModule</name>
         <value>0x54a5</value>
         <object_component_ref idref="oc-55f"/>
      </symbol>
      <symbol id="sm-7b7">
         <name>EUSCI_A_SPI_enable</name>
         <value>0x55ab</value>
         <object_component_ref idref="oc-61f"/>
      </symbol>
      <symbol id="sm-7b8">
         <name>SPI_initMaster</name>
         <value>0x3867</value>
         <object_component_ref idref="oc-559"/>
      </symbol>
      <symbol id="sm-7cf">
         <name>SysCtl_A_getTLVInfo</name>
         <value>0x3c21</value>
         <object_component_ref idref="oc-26e"/>
      </symbol>
      <symbol id="sm-808">
         <name>Timer32_startTimer</name>
         <value>0x4e5d</value>
         <object_component_ref idref="oc-181"/>
      </symbol>
      <symbol id="sm-809">
         <name>Timer32_setCount</name>
         <value>0x4fa1</value>
         <object_component_ref idref="oc-17b"/>
      </symbol>
      <symbol id="sm-80a">
         <name>Timer32_getValue</name>
         <value>0x56f3</value>
         <object_component_ref idref="oc-2f0"/>
      </symbol>
      <symbol id="sm-80b">
         <name>Timer32_initModule</name>
         <value>0x43ed</value>
         <object_component_ref idref="oc-175"/>
      </symbol>
      <symbol id="sm-80c">
         <name>Timer32_clearInterruptFlag</name>
         <value>0x562f</value>
         <object_component_ref idref="oc-b9"/>
      </symbol>
      <symbol id="sm-818">
         <name>WDT_A_holdTimer</name>
         <value>0x53e9</value>
         <object_component_ref idref="oc-da"/>
      </symbol>
      <symbol id="sm-82a">
         <name>CPU_cpsie</name>
         <value>0x5729</value>
         <object_component_ref idref="oc-28b"/>
      </symbol>
      <symbol id="sm-82b">
         <name>CPU_cpsid</name>
         <value>0x571d</value>
         <object_component_ref idref="oc-266"/>
      </symbol>
      <symbol id="sm-852">
         <name>sprintf</name>
         <value>0x4d6d</value>
         <object_component_ref idref="oc-338"/>
      </symbol>
      <symbol id="sm-869">
         <name>__aeabi_dsub</name>
         <value>0x1c25</value>
         <object_component_ref idref="oc-4e9"/>
      </symbol>
      <symbol id="sm-86a">
         <name>__aeabi_dadd</name>
         <value>0x1c2f</value>
         <object_component_ref idref="oc-4e9"/>
      </symbol>
      <symbol id="sm-88c">
         <name>__aeabi_cdcmpeq</name>
         <value>0x3ffd</value>
         <object_component_ref idref="oc-4f3"/>
      </symbol>
      <symbol id="sm-88d">
         <name>__aeabi_cdcmple</name>
         <value>0x3ffd</value>
         <object_component_ref idref="oc-4f3"/>
      </symbol>
      <symbol id="sm-88e">
         <name>__aeabi_cdrcmple</name>
         <value>0x4083</value>
         <object_component_ref idref="oc-4ee"/>
      </symbol>
      <symbol id="sm-8a2">
         <name>__aeabi_ddiv</name>
         <value>0x26a5</value>
         <object_component_ref idref="oc-64d"/>
      </symbol>
      <symbol id="sm-8ac">
         <name>__aeabi_d2iz</name>
         <value>0x4b19</value>
         <object_component_ref idref="oc-351"/>
      </symbol>
      <symbol id="sm-8b6">
         <name>__aeabi_i2d</name>
         <value>0x50fd</value>
         <object_component_ref idref="oc-506"/>
      </symbol>
      <symbol id="sm-8bf">
         <name>__aeabi_lmul</name>
         <value>0x5593</value>
         <object_component_ref idref="oc-2ea"/>
      </symbol>
      <symbol id="sm-8da">
         <name>memcpy</name>
         <value>0x3aed</value>
         <object_component_ref idref="oc-37"/>
      </symbol>
      <symbol id="sm-8db">
         <name>__aeabi_memcpy</name>
         <value>0x3aed</value>
         <object_component_ref idref="oc-37"/>
      </symbol>
      <symbol id="sm-8dc">
         <name>__aeabi_memcpy8</name>
         <value>0x3aed</value>
         <object_component_ref idref="oc-37"/>
      </symbol>
      <symbol id="sm-8dd">
         <name>__aeabi_memcpy4</name>
         <value>0x3aed</value>
         <object_component_ref idref="oc-37"/>
      </symbol>
      <symbol id="sm-8ed">
         <name>__aeabi_memset</name>
         <value>0x4213</value>
         <object_component_ref idref="oc-93"/>
      </symbol>
      <symbol id="sm-8ee">
         <name>memset</name>
         <value>0x4219</value>
         <object_component_ref idref="oc-93"/>
      </symbol>
      <symbol id="sm-8ef">
         <name>__aeabi_memset8</name>
         <value>0x4213</value>
         <object_component_ref idref="oc-93"/>
      </symbol>
      <symbol id="sm-8f0">
         <name>__aeabi_memset4</name>
         <value>0x4213</value>
         <object_component_ref idref="oc-93"/>
      </symbol>
      <symbol id="sm-8f1">
         <name>__aeabi_memclr8</name>
         <value>0x4211</value>
         <object_component_ref idref="oc-93"/>
      </symbol>
      <symbol id="sm-8f2">
         <name>__aeabi_memclr4</name>
         <value>0x4211</value>
         <object_component_ref idref="oc-93"/>
      </symbol>
      <symbol id="sm-8f3">
         <name>__aeabi_memclr</name>
         <value>0x4211</value>
         <object_component_ref idref="oc-93"/>
      </symbol>
      <symbol id="sm-900">
         <name>__aeabi_uldivmod</name>
         <value>0x3b89</value>
         <object_component_ref idref="oc-2e5"/>
      </symbol>
      <symbol id="sm-919">
         <name>__TI_zero_init_nomemset</name>
         <value>0x54c1</value>
         <object_component_ref idref="oc-43"/>
      </symbol>
      <symbol id="sm-930">
         <name>__TI_decompress_none</name>
         <value>0x5701</value>
         <object_component_ref idref="oc-1d"/>
      </symbol>
      <symbol id="sm-953">
         <name>__TI_decompress_lzss</name>
         <value>0x4455</value>
         <object_component_ref idref="oc-17"/>
      </symbol>
      <symbol id="sm-969">
         <name>rand</name>
         <value>0x5009</value>
         <object_component_ref idref="oc-4f9"/>
      </symbol>
      <symbol id="sm-97c">
         <name>__stack</name>
         <value>0x2000fe00</value>
         <object_component_ref idref="oc-29"/>
      </symbol>
      <symbol id="sm-97d">
         <name>_c_int00_noargs</name>
         <value>0x4fd5</value>
         <object_component_ref idref="oc-55"/>
      </symbol>
      <symbol id="sm-ae2">
         <name>__TI_printfi</name>
         <value>0xe5</value>
         <object_component_ref idref="oc-4ae"/>
      </symbol>
      <symbol id="sm-aec">
         <name>__aeabi_idiv0</name>
         <value>0x1ddb</value>
         <object_component_ref idref="oc-479"/>
      </symbol>
      <symbol id="sm-aed">
         <name>__aeabi_ldiv0</name>
         <value>0x1ddb</value>
         <object_component_ref idref="oc-479"/>
      </symbol>
      <symbol id="sm-af8">
         <name>__aeabi_dmul</name>
         <value>0x31e5</value>
         <object_component_ref idref="oc-648"/>
      </symbol>
      <symbol id="sm-b20">
         <name>__TI_auto_init_nobinit_nopinit</name>
         <value>0x4ba5</value>
         <object_component_ref idref="oc-11a"/>
      </symbol>
      <symbol id="sm-b2a">
         <name>_system_pre_init</name>
         <value>0x5775</value>
         <object_component_ref idref="oc-99"/>
      </symbol>
      <symbol id="sm-b36">
         <name>C$$EXIT</name>
         <value>0x5779</value>
         <object_component_ref idref="oc-10e"/>
      </symbol>
      <symbol id="sm-b37">
         <name>abort</name>
         <value>0x5779</value>
         <object_component_ref idref="oc-10e"/>
      </symbol>
      <symbol id="sm-b4c">
         <name>_nop</name>
         <value>0x1a53</value>
         <object_component_ref idref="oc-38e"/>
      </symbol>
      <symbol id="sm-b4d">
         <name>_lock</name>
         <value>0x20000010</value>
         <object_component_ref idref="oc-228"/>
      </symbol>
      <symbol id="sm-b4e">
         <name>_unlock</name>
         <value>0x20000014</value>
         <object_component_ref idref="oc-228"/>
      </symbol>
      <symbol id="sm-b5d">
         <name>__TI_ltoa</name>
         <value>0x48f9</value>
         <object_component_ref idref="oc-652"/>
      </symbol>
      <symbol id="sm-b74">
         <name>atoi</name>
         <value>0x49f1</value>
         <object_component_ref idref="oc-5b1"/>
      </symbol>
      <symbol id="sm-b7f">
         <name>_ctypes_</name>
         <value>0x5a74</value>
         <object_component_ref idref="oc-642"/>
      </symbol>
      <symbol id="sm-b8f">
         <name>memccpy</name>
         <value>0x54dd</value>
         <object_component_ref idref="oc-5d5"/>
      </symbol>
      <symbol id="sm-b9f">
         <name>strchr</name>
         <value>0x5619</value>
         <object_component_ref idref="oc-67f"/>
      </symbol>
      <symbol id="sm-bad">
         <name>strlen</name>
         <value>0x5643</value>
         <object_component_ref idref="oc-5ab"/>
      </symbol>
      <symbol id="sm-bc3">
         <name>__aeabi_errno_addr</name>
         <value>0x576d</value>
         <object_component_ref idref="oc-5e1"/>
      </symbol>
      <symbol id="sm-bc4">
         <name>errno</name>
         <value>0x20000024</value>
         <object_component_ref idref="oc-68f"/>
      </symbol>
      <symbol id="sm-be4">
         <name>frexpl</name>
         <value>0x44bd</value>
         <object_component_ref idref="oc-673"/>
      </symbol>
      <symbol id="sm-be5">
         <name>frexp</name>
         <value>0x44bd</value>
         <object_component_ref idref="oc-673"/>
      </symbol>
      <symbol id="sm-c02">
         <name>scalbn</name>
         <value>0x2ec1</value>
         <object_component_ref idref="oc-679"/>
      </symbol>
      <symbol id="sm-c03">
         <name>scalbnl</name>
         <value>0x2ec1</value>
         <object_component_ref idref="oc-679"/>
      </symbol>
      <symbol id="sm-c04">
         <name>ldexpl</name>
         <value>0x2ec1</value>
         <object_component_ref idref="oc-679"/>
      </symbol>
      <symbol id="sm-c05">
         <name>ldexp</name>
         <value>0x2ec1</value>
         <object_component_ref idref="oc-679"/>
      </symbol>
      <symbol id="sm-c0f">
         <name>copysign</name>
         <value>0x5561</value>
         <object_component_ref idref="oc-6cf"/>
      </symbol>
      <symbol id="sm-c10">
         <name>copysignl</name>
         <value>0x5561</value>
         <object_component_ref idref="oc-6cf"/>
      </symbol>
      <symbol id="sm-c29">
         <name>wcslen</name>
         <value>0x5669</value>
         <object_component_ref idref="oc-5db"/>
      </symbol>
      <symbol id="sm-c2a">
         <name>__TI_static_base__</name>
         <value>0x0</value>
      </symbol>
      <symbol id="sm-c2d">
         <name>__mpu_init</name>
         <value>0x0</value>
      </symbol>
      <symbol id="sm-c2e">
         <name>_system_post_cinit</name>
         <value>0x0</value>
      </symbol>
      <symbol id="sm-c2f">
         <name>NMI_Handler</name>
         <value>0x168f</value>
      </symbol>
      <symbol id="sm-c30">
         <name>HardFault_Handler</name>
         <value>0x168f</value>
      </symbol>
      <symbol id="sm-c31">
         <name>MemManage_Handler</name>
         <value>0x168f</value>
      </symbol>
      <symbol id="sm-c32">
         <name>BusFault_Handler</name>
         <value>0x168f</value>
      </symbol>
      <symbol id="sm-c33">
         <name>UsageFault_Handler</name>
         <value>0x168f</value>
      </symbol>
      <symbol id="sm-c34">
         <name>SVC_Handler</name>
         <value>0x168f</value>
      </symbol>
      <symbol id="sm-c35">
         <name>DebugMon_Handler</name>
         <value>0x168f</value>
      </symbol>
      <symbol id="sm-c36">
         <name>PendSV_Handler</name>
         <value>0x168f</value>
      </symbol>
      <symbol id="sm-c37">
         <name>SysTick_Handler</name>
         <value>0x168f</value>
      </symbol>
      <symbol id="sm-c38">
         <name>PSS_IRQHandler</name>
         <value>0x168f</value>
      </symbol>
      <symbol id="sm-c39">
         <name>CS_IRQHandler</name>
         <value>0x168f</value>
      </symbol>
      <symbol id="sm-c3a">
         <name>PCM_IRQHandler</name>
         <value>0x168f</value>
      </symbol>
      <symbol id="sm-c3b">
         <name>WDT_A_IRQHandler</name>
         <value>0x168f</value>
      </symbol>
      <symbol id="sm-c3c">
         <name>FPU_IRQHandler</name>
         <value>0x168f</value>
      </symbol>
      <symbol id="sm-c3d">
         <name>FLCTL_IRQHandler</name>
         <value>0x168f</value>
      </symbol>
      <symbol id="sm-c3e">
         <name>COMP_E0_IRQHandler</name>
         <value>0x168f</value>
      </symbol>
      <symbol id="sm-c3f">
         <name>COMP_E1_IRQHandler</name>
         <value>0x168f</value>
      </symbol>
      <symbol id="sm-c40">
         <name>TA0_0_IRQHandler</name>
         <value>0x168f</value>
      </symbol>
      <symbol id="sm-c41">
         <name>TA0_N_IRQHandler</name>
         <value>0x168f</value>
      </symbol>
      <symbol id="sm-c42">
         <name>TA1_0_IRQHandler</name>
         <value>0x168f</value>
      </symbol>
      <symbol id="sm-c43">
         <name>TA1_N_IRQHandler</name>
         <value>0x168f</value>
      </symbol>
      <symbol id="sm-c44">
         <name>TA2_0_IRQHandler</name>
         <value>0x168f</value>
      </symbol>
      <symbol id="sm-c45">
         <name>TA2_N_IRQHandler</name>
         <value>0x168f</value>
      </symbol>
      <symbol id="sm-c46">
         <name>TA3_0_IRQHandler</name>
         <value>0x168f</value>
      </symbol>
      <symbol id="sm-c47">
         <name>TA3_N_IRQHandler</name>
         <value>0x168f</value>
      </symbol>
      <symbol id="sm-c48">
         <name>EUSCIA0_IRQHandler</name>
         <value>0x168f</value>
      </symbol>
      <symbol id="sm-c49">
         <name>EUSCIA1_IRQHandler</name>
         <value>0x168f</value>
      </symbol>
      <symbol id="sm-c4a">
         <name>EUSCIA2_IRQHandler</name>
         <value>0x168f</value>
      </symbol>
      <symbol id="sm-c4b">
         <name>EUSCIA3_IRQHandler</name>
         <value>0x168f</value>
      </symbol>
      <symbol id="sm-c4c">
         <name>EUSCIB0_IRQHandler</name>
         <value>0x168f</value>
      </symbol>
      <symbol id="sm-c4d">
         <name>EUSCIB1_IRQHandler</name>
         <value>0x168f</value>
      </symbol>
      <symbol id="sm-c4e">
         <name>EUSCIB2_IRQHandler</name>
         <value>0x168f</value>
      </symbol>
      <symbol id="sm-c4f">
         <name>EUSCIB3_IRQHandler</name>
         <value>0x168f</value>
      </symbol>
      <symbol id="sm-c50">
         <name>ADC14_IRQHandler</name>
         <value>0x168f</value>
      </symbol>
      <symbol id="sm-c51">
         <name>T32_INT1_IRQHandler</name>
         <value>0x5375</value>
      </symbol>
      <symbol id="sm-c52">
         <name>T32_INT2_IRQHandler</name>
         <value>0x168f</value>
      </symbol>
      <symbol id="sm-c53">
         <name>T32_INTC_IRQHandler</name>
         <value>0x168f</value>
      </symbol>
      <symbol id="sm-c54">
         <name>AES256_IRQHandler</name>
         <value>0x168f</value>
      </symbol>
      <symbol id="sm-c55">
         <name>RTC_C_IRQHandler</name>
         <value>0x168f</value>
      </symbol>
      <symbol id="sm-c56">
         <name>DMA_ERR_IRQHandler</name>
         <value>0x168f</value>
      </symbol>
      <symbol id="sm-c57">
         <name>DMA_INT3_IRQHandler</name>
         <value>0x168f</value>
      </symbol>
      <symbol id="sm-c58">
         <name>DMA_INT2_IRQHandler</name>
         <value>0x168f</value>
      </symbol>
      <symbol id="sm-c59">
         <name>DMA_INT1_IRQHandler</name>
         <value>0x168f</value>
      </symbol>
      <symbol id="sm-c5a">
         <name>DMA_INT0_IRQHandler</name>
         <value>0x168f</value>
      </symbol>
      <symbol id="sm-c5b">
         <name>PORT1_IRQHandler</name>
         <value>0x168f</value>
      </symbol>
      <symbol id="sm-c5c">
         <name>PORT2_IRQHandler</name>
         <value>0x168f</value>
      </symbol>
      <symbol id="sm-c5d">
         <name>PORT3_IRQHandler</name>
         <value>0x168f</value>
      </symbol>
      <symbol id="sm-c5e">
         <name>PORT4_IRQHandler</name>
         <value>0x168f</value>
      </symbol>
      <symbol id="sm-c5f">
         <name>PORT5_IRQHandler</name>
         <value>0x168f</value>
      </symbol>
      <symbol id="sm-c60">
         <name>PORT6_IRQHandler</name>
         <value>0x168f</value>
      </symbol>
   </symbol_table>
   <title>Link successful</title>
</link_info>
